MPASM  5.51                      PRATICA2.ASM   9-23-2016  19:37:12         PAGE  1


LOC  OBJECT CODE     LINE SOURCE TEXT
  VALUE

                      00001 ;****************************************************************************************************
                      00002 ; PRATICA2.ASM
                      00003 ; Prof. Maurílio J. Inácio
                      00004 ; Engenharia de Sistemas
                      00005 ; Unimontes / 2016
                      00006 ; Gustavo Willer / Diego Maia
                      00007 ;****************************************************************************************************
                      00008 ;---------------------------------------------------------------------------------------------------; Co
                            nfiguração do microcontrolador
                      00009 ;---------------------------------------------------------------------------------------------------
                      00010 
                      00011                 list p=18F4550 ; define o modelo do microcontrolador
                      00012                 #include <p18f4550.inc> ; inclui um arquivo adicional
                      00001         LIST
                      00002 
                      00003 ;==========================================================================
                      00004 ;  MPASM PIC18F4550 processor include
                      00005 ; 
                      00006 ;  (c) Copyright 1999-2013 Microchip Technology, All rights reserved
                      00007 ;==========================================================================
                      00008 
                      01764         LIST
00 0C 1F 1E 83 01 0F C00013                 CONFIG WDT=OFF ; desabilita o Watchdog Timer
       0 0F E0 0F 40 
                      00014                 CONFIG MCLRE = ON ; define o estado do pino MCLEAR
                      00015                 CONFIG DEBUG = ON ; habilita o Debug Mode
                      00016                 CONFIG LVP = OFF ; desabilita o modo Low-Voltage Programming
                      00017                 CONFIG FOSC = HS ; define o oscilador externo tipo HS
                      00018 
                      00019 ;---------------------------------------------------------------------------------------------------; De
                            finição de rótulos
                      00020 ;---------------------------------------------------------------------------------------------------
                      00021 
                      00022                 #define BUZZER PORTC,1 ; rótulo para o Buzzer
                      00023                 #define BOTAO1 PORTE,1 ; rótulo para o botão 1
                      00024                 #define BOTAO2 PORTE,2 ; rótulo para o botão 2
Warning[207]: Found label after column 1. (DIGIT_R)
000000 0000           00025                 DIGIT_R DB 0x00
Warning[207]: Found label after column 1. (DIGIT_L)
000002 0000           00026                 DIGIT_L DB 0x00
Warning[207]: Found label after column 1. (TRAVA_BOTAO)
000004 0000           00027                 TRAVA_BOTAO DB 0x00
Warning[207]: Found label after column 1. (TEMPORIZADOR)
000006 0000           00028                 TEMPORIZADOR DB 0x00
                      00029                 #define SEGMENT_A1 PORTD,5;
                      00030                 #define SEGMENT_B1 PORTD,4;
                      00031                 #define SEGMENT_C1 PORTB,5;
                      00032                 #define SEGMENT_D1 PORTB,6;
                      00033                 #define SEGMENT_E1 PORTB,7;
                      00034                 #define SEGMENT_F1 PORTD,7;
                      00035                 #define SEGMENT_G1 PORTD,6;
                      00036                 #define SEGMENT_A2 PORTC,6;
                      00037                 #define SEGMENT_B2 PORTD,2;
MPASM  5.51                      PRATICA2.ASM   9-23-2016  19:37:12         PAGE  2


LOC  OBJECT CODE     LINE SOURCE TEXT
  VALUE

                      00038                 #define SEGMENT_C2 PORTB,0;
                      00039                 #define SEGMENT_D2 PORTB,2;
                      00040                 #define SEGMENT_E2 PORTB,3;
                      00041                 #define SEGMENT_F2 PORTC,7;
                      00042                 #define SEGMENT_G2 PORTB,1;
                      00043 ;---------------------------------------------------------------------------------------------------; De
                            claração de variáveis
                      00044 ;---------------------------------------------------------------------------------------------------
Warning[207]: Found label after column 1. (delay_val)
000008 0000           00045                 delay_val db 0x00 ; variável auxiliar
Warning[207]: Found label after column 1. (delay_x50)
00000A 0000           00046                 delay_x50 db 0x00 ; variável auxiliar
Warning[207]: Found label after column 1. (delay_x200)
00000C 0000           00047                 delay_x200 db 0x00 ; variável auxiliar
                      00048 ;---------------------------------------------------------------------------------------------------; Ro
                            tina principal
                      00049 ;---------------------------------------------------------------------------------------------------
                      00050 
001000                00051                 org 0x1000 ; endereço inicial do programa
                      00052                 
001000 6A81           00053                 clrf PORTB ; limpa a porta B
001002 6A83           00054                 clrf PORTD ; limpa a porta D
001004 6A84           00055                 clrf PORTE ; limpa a porta E
001006 6A82           00056                 clrf PORTC ; limpa a porta C
                      00057 
001008 0E00           00058                 movlw b'00000000' ; configura os pinos da porta B
00100A 6E93           00059                 movwf TRISB
00100C 0E00           00060                 movlw b'00000000' ; configura os pinos da porta C
00100E 6E94           00061                 movwf TRISC
001010 0E00           00062                 movlw b'00000000' ; configura os pinos da porta D
001012 6E95           00063                 movwf TRISD
001014 0EFF           00064                 movlw b'11111111' ; configura os pinos da porta E
001016 6E96           00065                 movwf TRISE
001018 0E0F           00066                 movlw b'00001111' ; desativa as entradas analógicas
00101A 6EC1           00067                 movwf ADCON1
                      00068 
00101C 0E00           00069                 movlw b'00000000'
00101E 6E00           00070                 movwf DIGIT_R;
001020 0E00           00071                 movlw b'00000000'
001022 6E02           00072                 movwf DIGIT_L;
001024 0E00           00073                 movlw b'00000000'
001026 6E04           00074                 movwf TRAVA_BOTAO;
001028 0E00           00075                 movlw b'00000000'
00102A 6E06           00076                 movwf TEMPORIZADOR;
                      00077 
                      00078 
00102C                00079 INICIO
                      00080         
00102C 0E10           00081                 movlw 10; carrega W com o delay desejado (0,5s)
00102E EC69 F008      00082                 call DELAY ; chama a sub-rotina DELAY
                      00083                 
001032 EC7A F008      00084                 call MOSTRA_DISPLAY             
                      00085 
MPASM  5.51                      PRATICA2.ASM   9-23-2016  19:37:12         PAGE  3


LOC  OBJECT CODE     LINE SOURCE TEXT
  VALUE

                      00086                 ;Botao Reset    
001036 B484           00087                 btfsc BOTAO2 ;
001038 EF58 F008      00088                 goto RESETAR_CONTADOR ;
                      00089                 
00103C B284           00090                 btfsc BOTAO1 ; verifica se botão1 está pressionado
00103E EF23 F008      00091                 goto INICIA_CONTADOR ; desvia para INICIO se não estiver pressionado
001042 EF16 F008      00092                 goto INICIO
                      00093 
001046                00094 INICIA_CONTADOR
001046 A284           00095                 btfss BOTAO1    
001048 EF28 F008      00096                 goto CONTADOR ; desvia para o início do programa
00104C EF23 F008      00097                 goto INICIA_CONTADOR;
                      00098 
001050                00099 CONTADOR
                      00100                 
001050 0E10           00101                 movlw 10; carrega W com o delay desejado (0,5s)
001052 EC69 F008      00102                 call DELAY ; chama a sub-rotina DELAY
                      00103                 
                      00104 
001056 B284           00105                 btfsc BOTAO1 ; verifica se botão1 está pressionado
001058 EF4E F008      00106                 goto PARAR_CONTADOR ; desvia para PARAR_CONTADOR se  estiver pressionado
                      00107 
                      00108 
00105C 0E01           00109                 movlw b'00000001'
00105E 2606           00110                 addwf TEMPORIZADOR;
                      00111         
001060 0E0F           00112                 movlw b'00001111'                       
001062 5C06           00113                 subwf TEMPORIZADOR,w
001064 B4D8           00114                 btfsc STATUS,2
001066 EF37 F008      00115                 goto CONTADOR_UNIDADE
00106A EF28 F008      00116                 goto CONTADOR
                      00117 
00106E                00118 CONTADOR_UNIDADE
                      00119 
00106E 0E00           00120                 movlw b'00000000'
001070 6E06           00121                 movwf TEMPORIZADOR;
                      00122 
001072 0E01           00123                 movlw b'00000001'
001074 2600           00124                 addwf DIGIT_R;
                      00125 
001076 0E0A           00126                 movlw b'00001010'                       
001078 5C00           00127                 subwf DIGIT_R,w
00107A B4D8           00128                 btfsc STATUS,2
00107C EC49 F008      00129                 call CONTADOR_DEZENA
                      00130 
                      00131                 ;Zerar dezena
001080 0E06           00132                 movlw b'00000110'                       
001082 5C02           00133                 subwf DIGIT_L,w
001084 B4D8           00134                 btfsc STATUS,2
001086 EC61 F008      00135                 call ZERAR      
                      00136                 
                      00137 
00108A EC7A F008      00138                 call MOSTRA_DISPLAY
MPASM  5.51                      PRATICA2.ASM   9-23-2016  19:37:12         PAGE  4


LOC  OBJECT CODE     LINE SOURCE TEXT
  VALUE

                      00139                 
00108E EF28 F008      00140                 goto CONTADOR
                      00141 
001092                00142 CONTADOR_DEZENA
001092 0E00           00143                 movlw b'00000000'
001094 6E00           00144                 movwf DIGIT_R;
001096 0E01           00145                 movlw b'00000001'       
001098 2602           00146                 addwf DIGIT_L;
00109A 0012           00147                 return
                      00148 
00109C                00149 PARAR_CONTADOR
                      00150 
00109C 8282           00151                 bsf BUZZER ; liga o buzzer
00109E 0E05           00152                 movlw 5 ; carrega W com o delay desejado (2s)
0010A0 EC69 F008      00153                 call DELAY ; chama a sub-rotina DELAY
0010A4 9282           00154                 bcf BUZZER ; desliga o buzzer
                      00155         
0010A6                00156 PARAR_CONTADOR2
0010A6 A284           00157                 btfss BOTAO1    
0010A8 EF16 F008      00158                 goto INICIO ; desvia para o início do programa
0010AC EF53 F008      00159                 goto PARAR_CONTADOR2
                      00160 
0010B0                00161 RESETAR_CONTADOR
0010B0 EC61 F008      00162                 call ZERAR
0010B4 8282           00163                 bsf BUZZER ; liga o buzzer
0010B6 0EC8           00164                 movlw 0xC8 ; carrega W com o delay desejado (2s)
0010B8 EC69 F008      00165                 call DELAY ; chama a sub-rotina DELAY
0010BC 9282           00166                 bcf BUZZER ; desliga o buzzer
0010BE EF16 F008      00167                 goto INICIO ; desvia para o início do programa
                      00168         
0010C2                00169 ZERAR
0010C2 0E00           00170                 movlw b'00000000'
0010C4 6E00           00171                 movwf DIGIT_R;
0010C6 0E00           00172                 movlw b'00000000'
0010C8 6E02           00173                 movwf DIGIT_L;
0010CA 0012           00174                 return;
                      00175 
0010CC                00176 DESTRAVA_BOTAO
0010CC 0E00           00177                 movlw b'00000000'
0010CE 6E04           00178                 movwf TRAVA_BOTAO;
0010D0 0012           00179                 return
                      00180 
                      00181 ;---------------------------------------------------------------------------------------------------;
                      00182 ; Sub-rotina DELAY
                      00183 ; Gera um delay entre 10ms e 2,55s aproximadamente
                      00184 ; O valor do delay é passado pelo registrador W (1 a 255)
                      00185 ; A base de tempo da sub-rotina é 0,2 us (período do clock de 20MHz/4)
                      00186 ;---------------------------------------------------------------------------------------------------
                      00187 
0010D2                00188 DELAY
0010D2 6E08           00189                 movwf delay_val  ; carrega o valor do delay desejado
0010D4                00190 Del_10ms  ; delay de 10 mS
0010D4 0E32           00191                 movlw 0x32  ; fator de multiplicação por 50
MPASM  5.51                      PRATICA2.ASM   9-23-2016  19:37:12         PAGE  5


LOC  OBJECT CODE     LINE SOURCE TEXT
  VALUE

0010D6 6E0A           00192                 movwf delay_x50  ; variável auxiliar
0010D8                00193 Del_200us   ; delay de 200 us
0010D8 0EC8           00194                 movlw 0xC8  ; fator de multiplicação por 200
0010DA 6E0C           00195                 movwf delay_x200  ; variável auxiliar
0010DC                00196 Loop   ; início do loop
0010DC 0000           00197                 nop  ; não faz nada
0010DE 0000           00198                 nop ; não faz nada
0010E0 2E0C           00199                 decfsz delay_x200,f  ; decrementa delay_x200 e desvia se for 0
0010E2 EF6E F008      00200                 goto Loop ; se não for zero, desvia para Loop
0010E6 2E0A           00201                 decfsz delay_x50,f  ; decrementa delay_x50 e desvia se for 0
0010E8 EF6C F008      00202                 goto Del_200us  ; se não for zero, desvia para Del_200us
0010EC 2E08           00203                 decfsz delay_val,f  ; decrementa delay_val e desvia se for 0
0010EE EF6A F008      00204                 goto Del_10ms  ; se não for zero, desvia para Del_10ms
                      00205         
                      00206 
0010F2 0012           00207                 return ; retorno da sub-rotina
                      00208         
0010F4                00209 MOSTRA_DISPLAY
                      00210 
                      00211 ; DISPLAY RIGTH
0010F4 0E00           00212         movlw b'00000000'
0010F6 5C00           00213         subwf DIGIT_R,w
0010F8 B4D8           00214         btfsc STATUS,2
0010FA ECCB F008      00215         call DISPLAY_0
                      00216 
0010FE 0E01           00217         movlw b'00000001'
001100 5C00           00218         subwf DIGIT_R,w
001102 B4D8           00219         btfsc STATUS,2
001104 ECD3 F008      00220         call DISPLAY_1
                      00221 
                      00222 
001108 0E02           00223         movlw b'00000010'
00110A 5C00           00224         subwf DIGIT_R,w
00110C B4D8           00225         btfsc STATUS,2
00110E ECDB F008      00226         call DISPLAY_2
                      00227 
001112 0E03           00228         movlw b'00000011'
001114 5C00           00229         subwf DIGIT_R,w
001116 B4D8           00230         btfsc STATUS,2
001118 ECE3 F008      00231         call DISPLAY_3
                      00232         
00111C 0E04           00233         movlw b'00000100'
00111E 5C00           00234         subwf DIGIT_R,w
001120 B4D8           00235         btfsc STATUS,2
001122 ECEB F008      00236         call DISPLAY_4
                      00237 
                      00238 
001126 0E05           00239         movlw b'00000101'
001128 5C00           00240         subwf DIGIT_R,w
00112A B4D8           00241         btfsc STATUS,2
00112C ECF3 F008      00242         call DISPLAY_5
                      00243 
001130 0E06           00244         movlw b'00000110'
MPASM  5.51                      PRATICA2.ASM   9-23-2016  19:37:12         PAGE  6


LOC  OBJECT CODE     LINE SOURCE TEXT
  VALUE

001132 5C00           00245         subwf DIGIT_R,w
001134 B4D8           00246         btfsc STATUS,2
001136 ECFB F008      00247         call DISPLAY_6
                      00248 
00113A 0E07           00249         movlw b'00000111'
00113C 5C00           00250         subwf DIGIT_R,w
00113E B4D8           00251         btfsc STATUS,2
001140 EC03 F009      00252         call DISPLAY_7
                      00253 
                      00254 
001144 0E08           00255         movlw b'00001000'
001146 5C00           00256         subwf DIGIT_R,w
001148 B4D8           00257         btfsc STATUS,2
00114A EC0B F009      00258         call DISPLAY_8
                      00259 
00114E 0E09           00260         movlw b'00001001'
001150 5C00           00261         subwf DIGIT_R,w
001152 B4D8           00262         btfsc STATUS,2
001154 EC13 F009      00263         call DISPLAY_9
                      00264 
                      00265 
                      00266 ; DISPLAY LEFT
001158 0E00           00267         movlw b'00000000'
00115A 5C02           00268         subwf DIGIT_L,w
00115C B4D8           00269         btfsc STATUS,2
00115E EC1B F009      00270         call DISPLAY_0L
                      00271 
001162 0E01           00272         movlw b'00000001'
001164 5C02           00273         subwf DIGIT_L,w
001166 B4D8           00274         btfsc STATUS,2
001168 EC23 F009      00275         call DISPLAY_1L
                      00276 
00116C 0E02           00277         movlw b'00000010'
00116E 5C02           00278         subwf DIGIT_L,w
001170 B4D8           00279         btfsc STATUS,2
001172 EC2B F009      00280         call DISPLAY_2L
                      00281 
001176 0E03           00282         movlw b'00000011'
001178 5C02           00283         subwf DIGIT_L,w
00117A B4D8           00284         btfsc STATUS,2
00117C EC33 F009      00285         call DISPLAY_3L
                      00286         
001180 0E04           00287         movlw b'00000100'
001182 5C02           00288         subwf DIGIT_L,w
001184 B4D8           00289         btfsc STATUS,2
001186 EC3B F009      00290         call DISPLAY_4L
                      00291 
00118A 0E05           00292         movlw b'00000101'
00118C 5C02           00293         subwf DIGIT_L,w
00118E B4D8           00294         btfsc STATUS,2
001190 EC43 F009      00295         call DISPLAY_5L
                      00296 
001194 0012           00297         return; 
MPASM  5.51                      PRATICA2.ASM   9-23-2016  19:37:12         PAGE  7


LOC  OBJECT CODE     LINE SOURCE TEXT
  VALUE

                      00298 
                      00299 
                      00300 ;Mostra os numeros do display de 7 segmentos. 
001196                00301 DISPLAY_0       
                      00302 
001196 9C82           00303         bcf SEGMENT_A2
001198 9483           00304         bcf SEGMENT_B2
00119A 9081           00305         bcf SEGMENT_C2
00119C 9481           00306         bcf SEGMENT_D2
00119E 9681           00307         bcf SEGMENT_E2
0011A0 9E82           00308         bcf SEGMENT_F2
                      00309 
0011A2 8281           00310         bsf SEGMENT_G2
                      00311         
0011A4 0012           00312         RETURN
                      00313 
0011A6                00314 DISPLAY_1
                      00315 
0011A6 9483           00316         bcf SEGMENT_B2
0011A8 9081           00317         bcf SEGMENT_C2
                      00318 
0011AA 8C82           00319         bsf SEGMENT_A2
0011AC 8481           00320         bsf SEGMENT_D2
0011AE 8681           00321         bsf SEGMENT_E2
0011B0 8E82           00322         bsf SEGMENT_F2
0011B2 8281           00323         bsf SEGMENT_G2
                      00324         
0011B4 0012           00325         RETURN;
                      00326 
0011B6                00327 DISPLAY_2
                      00328 
0011B6 9C82           00329         bcf SEGMENT_A2
0011B8 9483           00330         bcf SEGMENT_B2
0011BA 9481           00331         bcf SEGMENT_D2
0011BC 9681           00332         bcf SEGMENT_E2
0011BE 9281           00333         bcf SEGMENT_G2
                      00334 
0011C0 8081           00335         bsf SEGMENT_C2
0011C2 8E82           00336         bsf SEGMENT_F2
                      00337         
0011C4 0012           00338         RETURN;
                      00339 
0011C6                00340 DISPLAY_3
0011C6 9C82           00341         bcf SEGMENT_A2
0011C8 9483           00342         bcf SEGMENT_B2
0011CA 9081           00343         bcf SEGMENT_C2
0011CC 9481           00344         bcf SEGMENT_D2
0011CE 8681           00345         bsf SEGMENT_E2
0011D0 8E82           00346         bsf SEGMENT_F2
0011D2 9281           00347         bcf SEGMENT_G2
0011D4 0012           00348         RETURN;
                      00349 
                      00350 
MPASM  5.51                      PRATICA2.ASM   9-23-2016  19:37:12         PAGE  8


LOC  OBJECT CODE     LINE SOURCE TEXT
  VALUE

0011D6                00351 DISPLAY_4
0011D6 8C82           00352         bsf SEGMENT_A2
0011D8 9483           00353         bcf SEGMENT_B2
0011DA 9081           00354         bcf SEGMENT_C2
0011DC 8481           00355         bsf SEGMENT_D2
0011DE 8681           00356         bsf SEGMENT_E2
0011E0 9E82           00357         bcf SEGMENT_F2
0011E2 9281           00358         bcf SEGMENT_G2
0011E4 0012           00359         RETURN;
                      00360 
                      00361 
0011E6                00362 DISPLAY_5
0011E6 9C82           00363         bcf SEGMENT_A2
0011E8 8483           00364         bsf SEGMENT_B2
0011EA 9081           00365         bcf SEGMENT_C2
0011EC 9481           00366         bcf SEGMENT_D2
0011EE 8681           00367         bsf SEGMENT_E2
0011F0 9E82           00368         bcf SEGMENT_F2
0011F2 9281           00369         bcf SEGMENT_G2
0011F4 0012           00370         RETURN;
                      00371 
0011F6                00372 DISPLAY_6
0011F6 9C82           00373         bcf SEGMENT_A2
0011F8 8483           00374         bsf SEGMENT_B2
0011FA 9081           00375         bcf SEGMENT_C2
0011FC 9481           00376         bcf SEGMENT_D2
0011FE 9681           00377         bcf SEGMENT_E2
001200 9E82           00378         bcf SEGMENT_F2
001202 9281           00379         bcf SEGMENT_G2
001204 0012           00380         RETURN;
                      00381 
                      00382 
001206                00383 DISPLAY_7
001206 9C82           00384         bcf SEGMENT_A2
001208 9483           00385         bcf SEGMENT_B2
00120A 9081           00386         bcf SEGMENT_C2
00120C 8481           00387         bsf SEGMENT_D2
00120E 8681           00388         bsf SEGMENT_E2
001210 8E82           00389         bsf SEGMENT_F2
001212 8281           00390         bsf SEGMENT_G2
001214 0012           00391         RETURN;
                      00392 
                      00393 
001216                00394 DISPLAY_8
001216 9C82           00395         bcf SEGMENT_A2
001218 9483           00396         bcf SEGMENT_B2
00121A 9081           00397         bcf SEGMENT_C2
00121C 9481           00398         bcf SEGMENT_D2
00121E 9681           00399         bcf SEGMENT_E2
001220 9E82           00400         bcf SEGMENT_F2
001222 9281           00401         bcf SEGMENT_G2
001224 0012           00402         RETURN;
                      00403 
MPASM  5.51                      PRATICA2.ASM   9-23-2016  19:37:12         PAGE  9


LOC  OBJECT CODE     LINE SOURCE TEXT
  VALUE

                      00404 
001226                00405 DISPLAY_9
001226 9C82           00406         bcf SEGMENT_A2
001228 9483           00407         bcf SEGMENT_B2
00122A 9081           00408         bcf SEGMENT_C2
00122C 9481           00409         bcf SEGMENT_D2
00122E 8681           00410         bsf SEGMENT_E2
001230 9E82           00411         bcf SEGMENT_F2
001232 9281           00412         bcf SEGMENT_G2
001234 0012           00413         RETURN;
                      00414 
                      00415 
001236                00416 DISPLAY_0L      
                      00417 
001236 9A83           00418         bcf SEGMENT_A1
001238 9883           00419         bcf SEGMENT_B1
00123A 9A81           00420         bcf SEGMENT_C1
00123C 9C81           00421         bcf SEGMENT_D1
00123E 9E81           00422         bcf SEGMENT_E1
001240 9E83           00423         bcf SEGMENT_F1
                      00424 
001242 8C83           00425         bsf SEGMENT_G1
                      00426         
001244 0012           00427         RETURN
                      00428 
001246                00429 DISPLAY_1L
                      00430 
001246 9883           00431         bcf SEGMENT_B1
001248 9A81           00432         bcf SEGMENT_C1
                      00433 
00124A 8A83           00434         bsf SEGMENT_A1
00124C 8C81           00435         bsf SEGMENT_D1
00124E 8E81           00436         bsf SEGMENT_E1
001250 8E83           00437         bsf SEGMENT_F1
001252 8C83           00438         bsf SEGMENT_G1
                      00439         
001254 0012           00440         RETURN;
                      00441 
001256                00442 DISPLAY_2L
                      00443 
001256 9A83           00444         bcf SEGMENT_A1
001258 9883           00445         bcf SEGMENT_B1
00125A 9C81           00446         bcf SEGMENT_D1
00125C 9E81           00447         bcf SEGMENT_E1
00125E 9C83           00448         bcf SEGMENT_G1
                      00449 
001260 8A81           00450         bsf SEGMENT_C1
001262 8E83           00451         bsf SEGMENT_F1
                      00452         
001264 0012           00453         RETURN;
                      00454 
001266                00455 DISPLAY_3L
001266 9A83           00456         bcf SEGMENT_A1
MPASM  5.51                      PRATICA2.ASM   9-23-2016  19:37:12         PAGE 10


LOC  OBJECT CODE     LINE SOURCE TEXT
  VALUE

001268 9883           00457         bcf SEGMENT_B1
00126A 9A81           00458         bcf SEGMENT_C1
00126C 9C81           00459         bcf SEGMENT_D1
00126E 8E81           00460         bsf SEGMENT_E1
001270 8E83           00461         bsf SEGMENT_F1
001272 9C83           00462         bcf SEGMENT_G1
001274 0012           00463         RETURN;
                      00464 
                      00465 
001276                00466 DISPLAY_4L
001276 8A83           00467         bsf SEGMENT_A1
001278 9883           00468         bcf SEGMENT_B1
00127A 9A81           00469         bcf SEGMENT_C1
00127C 8C81           00470         bsf SEGMENT_D1
00127E 8E81           00471         bsf SEGMENT_E1
001280 9E83           00472         bcf SEGMENT_F1
001282 9C83           00473         bcf SEGMENT_G1
001284 0012           00474         RETURN;
                      00475 
                      00476 
001286                00477 DISPLAY_5L
001286 9A83           00478         bcf SEGMENT_A1
001288 8883           00479         bsf SEGMENT_B1
00128A 9A81           00480         bcf SEGMENT_C1
00128C 9C81           00481         bcf SEGMENT_D1
00128E 8E81           00482         bsf SEGMENT_E1
001290 9E83           00483         bcf SEGMENT_F1
001292 9C83           00484         bcf SEGMENT_G1
001294 0012           00485         RETURN;
                      00486 
                      00487         end
MPASM  5.51                      PRATICA2.ASM   9-23-2016  19:37:12         PAGE 11


SYMBOL TABLE
  LABEL                             VALUE 

A                                 00000000
ABDEN                             00000000
ABDOVF                            00000007
ACCESS                            00000000
ACKDT                             00000005
ACKEN                             00000004
ACKSTAT                           00000006
ACQT0                             00000003
ACQT1                             00000004
ACQT2                             00000005
ACTVIE                            00000002
ACTVIF                            00000002
ADCON0                            00000FC2
ADCON1                            00000FC1
ADCON2                            00000FC0
ADCS0                             00000000
ADCS1                             00000001
ADCS2                             00000002
ADDEN                             00000003
ADDR0                             00000000
ADDR1                             00000001
ADDR2                             00000002
ADDR3                             00000003
ADDR4                             00000004
ADDR5                             00000005
ADDR6                             00000006
ADEN                              00000003
ADFM                              00000007
ADIE                              00000006
ADIF                              00000006
ADIP                              00000006
ADON                              00000000
ADRES                             00000FC3
ADRESH                            00000FC4
ADRESL                            00000FC3
AN0                               00000000
AN1                               00000001
AN2                               00000002
AN3                               00000003
AN4                               00000005
BANKED                            00000001
BAUDCON                           00000FB8
BAUDCTL                           00000FB8
BCLIE                             00000003
BCLIF                             00000003
BCLIP                             00000003
BF                                00000000
BGST                              00000005
BOR                               00000000
BOTAO1                            PORTE,1
BOTAO2                            PORTE,2
BRG16                             00000003
BRGH                              00000002
MPASM  5.51                      PRATICA2.ASM   9-23-2016  19:37:12         PAGE 12


SYMBOL TABLE
  LABEL                             VALUE 

BSR                               00000FE0
BTOEE                             00000004
BTOEF                             00000004
BTSEE                             00000007
BTSEF                             00000007
BUZZER                            PORTC,1
C                                 00000000
C1INV                             00000004
C1OUT                             00000006
C2INV                             00000005
C2OUT                             00000007
CCP1                              00000002
CCP1AS                            00000FB6
CCP1CON                           00000FBD
CCP1DEL                           00000FB7
CCP1IE                            00000002
CCP1IF                            00000002
CCP1IP                            00000002
CCP1M0                            00000000
CCP1M1                            00000001
CCP1M2                            00000002
CCP1M3                            00000003
CCP2CON                           00000FBA
CCP2IE                            00000000
CCP2IF                            00000000
CCP2IP                            00000000
CCP2M0                            00000000
CCP2M1                            00000001
CCP2M2                            00000002
CCP2M3                            00000003
CCPR1                             00000FBE
CCPR1H                            00000FBF
CCPR1L                            00000FBE
CCPR2                             00000FBB
CCPR2H                            00000FBC
CCPR2L                            00000FBB
CFGS                              00000006
CHS0                              00000002
CHS1                              00000003
CHS2                              00000004
CHS3                              00000005
CIS                               00000003
CK                                00000006
CK1SPP                            00000000
CK2SPP                            00000001
CKE                               00000006
CKP                               00000004
CLK1EN                            00000004
CLKCFG0                           00000006
CLKCFG1                           00000007
CM0                               00000000
CM1                               00000001
CM2                               00000002
MPASM  5.51                      PRATICA2.ASM   9-23-2016  19:37:12         PAGE 13


SYMBOL TABLE
  LABEL                             VALUE 

CMCON                             00000FB4
CMIE                              00000006
CMIF                              00000006
CMIP                              00000006
CONTADOR                          00001050
CONTADOR_DEZENA                   00001092
CONTADOR_UNIDADE                  0000106E
CRC16EE                           00000002
CRC16EF                           00000002
CRC5EE                            00000001
CRC5EF                            00000001
CREN                              00000004
CSEN                              00000005
CSRC                              00000007
CVR0                              00000000
CVR1                              00000001
CVR2                              00000002
CVR3                              00000003
CVRCON                            00000FB5
CVREF                             00000004
CVREN                             00000007
CVROE                             00000006
CVRR                              00000005
CVRSS                             00000004
D                                 00000005
DATA_ADDRESS                      00000005
DC                                00000001
DC1B0                             00000004
DC1B1                             00000005
DC2B0                             00000004
DC2B1                             00000005
DDRA                              TRISA
DDRB                              TRISB
DDRC                              TRISC
DDRD                              TRISD
DDRE                              TRISE
DELAY                             000010D2
DESTRAVA_BOTAO                    000010CC
DFN8EE                            00000003
DFN8EF                            00000003
DIGIT_L                           00000002
DIGIT_R                           00000000
DIR                               00000002
DISPLAY_0                         00001196
DISPLAY_0L                        00001236
DISPLAY_1                         000011A6
DISPLAY_1L                        00001246
DISPLAY_2                         000011B6
DISPLAY_2L                        00001256
DISPLAY_3                         000011C6
DISPLAY_3L                        00001266
DISPLAY_4                         000011D6
DISPLAY_4L                        00001276
MPASM  5.51                      PRATICA2.ASM   9-23-2016  19:37:12         PAGE 14


SYMBOL TABLE
  LABEL                             VALUE 

DISPLAY_5                         000011E6
DISPLAY_5L                        00001286
DISPLAY_6                         000011F6
DISPLAY_7                         00001206
DISPLAY_8                         00001216
DISPLAY_9                         00001226
DONE                              00000001
D_A                               00000005
D_NOT_A                           00000005
Del_10ms                          000010D4
Del_200us                         000010D8
ECCP1AS                           00000FB6
ECCP1CON                          00000FBD
ECCP1DEL                          00000FB7
ECCPAS0                           00000004
ECCPAS1                           00000005
ECCPAS2                           00000006
ECCPASE                           00000007
EEADR                             00000FA9
EECON1                            00000FA6
EECON2                            00000FA7
EEDATA                            00000FA8
EEIE                              00000004
EEIF                              00000004
EEIP                              00000004
EEPGD                             00000007
ENDP0                             00000003
ENDP1                             00000004
ENDP2                             00000005
ENDP3                             00000006
EPCONDIS                          00000003
EPHSHK                            00000004
EPINEN                            00000001
EPOUTEN                           00000002
EPSTALL                           00000000
FAST                              00000001
FERR                              00000002
FLTS                              00000002
FREE                              00000004
FRM0                              00000000
FRM1                              00000001
FRM10                             00000002
FRM2                              00000002
FRM3                              00000003
FRM4                              00000004
FRM5                              00000005
FRM6                              00000006
FRM7                              00000007
FRM8                              00000000
FRM9                              00000001
FSEN                              00000002
FSR0                              00000000
FSR0H                             00000FEA
MPASM  5.51                      PRATICA2.ASM   9-23-2016  19:37:12         PAGE 15


SYMBOL TABLE
  LABEL                             VALUE 

FSR0L                             00000FE9
FSR1                              00000001
FSR1H                             00000FE2
FSR1L                             00000FE1
FSR2                              00000002
FSR2H                             00000FDA
FSR2L                             00000FD9
GCEN                              00000007
GIE                               00000007
GIEH                              00000007
GIEL                              00000006
GIE_GIEH                          00000007
GO                                00000001
GO_DONE                           00000001
GO_NOT_DONE                       00000001
HLVDCON                           00000FD2
HLVDEN                            00000004
HLVDIE                            00000002
HLVDIF                            00000002
HLVDIN                            00000005
HLVDIP                            00000002
HLVDL0                            00000000
HLVDL1                            00000001
HLVDL2                            00000002
HLVDL3                            00000003
I2C_DAT                           00000005
I2C_READ                          00000002
I2C_START                         00000003
I2C_STOP                          00000004
IDLEIE                            00000004
IDLEIF                            00000004
IDLEN                             00000007
INDF0                             00000FEF
INDF1                             00000FE7
INDF2                             00000FDF
INICIA_CONTADOR                   00001046
INICIO                            0000102C
INT0                              00000000
INT0E                             00000004
INT0F                             00000001
INT0IE                            00000004
INT0IF                            00000001
INT1                              00000001
INT1E                             00000003
INT1F                             00000000
INT1IE                            00000003
INT1IF                            00000000
INT1IP                            00000006
INT1P                             00000006
INT2                              00000002
INT2E                             00000004
INT2F                             00000001
INT2IE                            00000004
MPASM  5.51                      PRATICA2.ASM   9-23-2016  19:37:12         PAGE 16


SYMBOL TABLE
  LABEL                             VALUE 

INT2IF                            00000001
INT2IP                            00000007
INT2P                             00000007
INTCON                            00000FF2
INTCON2                           00000FF1
INTCON3                           00000FF0
INTEDG0                           00000006
INTEDG1                           00000005
INTEDG2                           00000004
INTSRC                            00000007
IOFS                              00000002
IPEN                              00000007
IPR1                              00000F9F
IPR2                              00000FA2
IRCF0                             00000004
IRCF1                             00000005
IRCF2                             00000006
IRVST                             00000005
IVRST                             00000005
LATA                              00000F89
LATA0                             00000000
LATA1                             00000001
LATA2                             00000002
LATA3                             00000003
LATA4                             00000004
LATA5                             00000005
LATA6                             00000006
LATB                              00000F8A
LATB0                             00000000
LATB1                             00000001
LATB2                             00000002
LATB3                             00000003
LATB4                             00000004
LATB5                             00000005
LATB6                             00000006
LATB7                             00000007
LATC                              00000F8B
LATC0                             00000000
LATC1                             00000001
LATC2                             00000002
LATC6                             00000006
LATC7                             00000007
LATD                              00000F8C
LATD0                             00000000
LATD1                             00000001
LATD2                             00000002
LATD3                             00000003
LATD4                             00000004
LATD5                             00000005
LATD6                             00000006
LATD7                             00000007
LATE                              00000F8D
LATE0                             00000000
MPASM  5.51                      PRATICA2.ASM   9-23-2016  19:37:12         PAGE 17


SYMBOL TABLE
  LABEL                             VALUE 

LATE1                             00000001
LATE2                             00000002
LVDCON                            00000FD2
LVDEN                             00000004
LVDIE                             00000002
LVDIF                             00000002
LVDIN                             00000005
LVDIP                             00000002
LVDL0                             00000000
LVDL1                             00000001
LVDL2                             00000002
LVDL3                             00000003
LVV0                              00000000
LVV1                              00000001
LVV2                              00000002
LVV3                              00000003
Loop                              000010DC
MOSTRA_DISPLAY                    000010F4
N                                 00000004
NOT_A                             00000005
NOT_ADDRESS                       00000005
NOT_BOR                           00000000
NOT_DONE                          00000001
NOT_IPEN                          00000007
NOT_PD                            00000002
NOT_POR                           00000001
NOT_RBPU                          00000007
NOT_RI                            00000004
NOT_T1SYNC                        00000002
NOT_T3SYNC                        00000002
NOT_TO                            00000003
NOT_W                             00000002
NOT_WRITE                         00000002
OERR                              00000001
OESPP                             00000002
OSC2                              00000006
OSCCON                            00000FD3
OSCFIE                            00000007
OSCFIF                            00000007
OSCFIP                            00000007
OSCTUNE                           00000F9B
OSTS                              00000003
OV                                00000003
P                                 00000004
P1A                               00000002
P1M0                              00000006
P1M1                              00000007
PARAR_CONTADOR                    0000109C
PARAR_CONTADOR2                   000010A6
PC                                00000FF9
PCFG0                             00000000
PCFG1                             00000001
PCFG2                             00000002
MPASM  5.51                      PRATICA2.ASM   9-23-2016  19:37:12         PAGE 18


SYMBOL TABLE
  LABEL                             VALUE 

PCFG3                             00000003
PCL                               00000FF9
PCLATH                            00000FFA
PCLATU                            00000FFB
PD                                00000002
PDC0                              00000000
PDC1                              00000001
PDC2                              00000002
PDC3                              00000003
PDC4                              00000004
PDC5                              00000005
PDC6                              00000006
PEIE                              00000006
PEIE_GIEL                         00000006
PEN                               00000002
PGC                               00000006
PGD                               00000007
PGM                               00000005
PIDEE                             00000000
PIDEF                             00000000
PIE1                              00000F9D
PIE2                              00000FA0
PIR1                              00000F9E
PIR2                              00000FA1
PKTDIS                            00000004
PLUSW0                            00000FEB
PLUSW1                            00000FE3
PLUSW2                            00000FDB
POR                               00000001
PORTA                             00000F80
PORTB                             00000F81
PORTC                             00000F82
PORTD                             00000F83
PORTE                             00000F84
POSTDEC0                          00000FED
POSTDEC1                          00000FE5
POSTDEC2                          00000FDD
POSTINC0                          00000FEE
POSTINC1                          00000FE6
POSTINC2                          00000FDE
PPB0                              00000000
PPB1                              00000001
PPBI                              00000001
PPBRST                            00000006
PR2                               00000FCB
PREINC0                           00000FEC
PREINC1                           00000FE4
PREINC2                           00000FDC
PROD                              00000FF3
PRODH                             00000FF4
PRODL                             00000FF3
PRSEN                             00000007
PSA                               00000003
MPASM  5.51                      PRATICA2.ASM   9-23-2016  19:37:12         PAGE 19


SYMBOL TABLE
  LABEL                             VALUE 

PSSAC0                            00000002
PSSAC1                            00000003
PSSBD0                            00000000
PSSBD1                            00000001
R                                 00000002
RA0                               00000000
RA1                               00000001
RA2                               00000002
RA3                               00000003
RA4                               00000004
RA5                               00000005
RA6                               00000006
RB0                               00000000
RB1                               00000001
RB2                               00000002
RB3                               00000003
RB4                               00000004
RB5                               00000005
RB6                               00000006
RB7                               00000007
RBIE                              00000003
RBIF                              00000000
RBIP                              00000000
RBPU                              00000007
RC0                               00000000
RC1                               00000001
RC2                               00000002
RC4                               00000004
RC5                               00000005
RC6                               00000006
RC7                               00000007
RCEN                              00000003
RCIDL                             00000006
RCIE                              00000005
RCIF                              00000005
RCIP                              00000005
RCMT                              00000006
RCON                              00000FD0
RCREG                             00000FAE
RCSTA                             00000FAB
RD                                00000000
RD0                               00000000
RD1                               00000001
RD16                              00000007
RD2                               00000002
RD3                               00000003
RD4                               00000004
RD5                               00000005
RD6                               00000006
RD7                               00000007
RDPU                              00000007
RDSPP                             00000007
RE0                               00000000
MPASM  5.51                      PRATICA2.ASM   9-23-2016  19:37:12         PAGE 20


SYMBOL TABLE
  LABEL                             VALUE 

RE1                               00000001
RE2                               00000002
RE3                               00000003
READ_WRITE                        00000002
RESETAR_CONTADOR                  000010B0
RESUME                            00000002
RI                                00000004
RSEN                              00000001
RX                                00000007
RX9                               00000006
RX9D                              00000000
RXDTP                             00000005
R_NOT_W                           00000002
R_W                               00000002
S                                 00000003
SBOREN                            00000006
SCKP                              00000004
SCS0                              00000000
SCS1                              00000001
SE0                               00000005
SEGMENT_A1                        PORTD,5
SEGMENT_A2                        PORTC,6
SEGMENT_B1                        PORTD,4
SEGMENT_B2                        PORTD,2
SEGMENT_C1                        PORTB,5
SEGMENT_C2                        PORTB,0
SEGMENT_D1                        PORTB,6
SEGMENT_D2                        PORTB,2
SEGMENT_E1                        PORTB,7
SEGMENT_E2                        PORTB,3
SEGMENT_F1                        PORTD,7
SEGMENT_F2                        PORTC,7
SEGMENT_G1                        PORTD,6
SEGMENT_G2                        PORTB,1
SEN                               00000000
SENDB                             00000003
SMP                               00000007
SOFIE                             00000006
SOFIF                             00000006
SPBRG                             00000FAF
SPBRGH                            00000FB0
SPEN                              00000007
SPP0                              00000000
SPP1                              00000001
SPP2                              00000002
SPP3                              00000003
SPP4                              00000004
SPP5                              00000005
SPP6                              00000006
SPP7                              00000007
SPPBUSY                           00000004
SPPCFG                            00000F63
SPPCON                            00000F65
MPASM  5.51                      PRATICA2.ASM   9-23-2016  19:37:12         PAGE 21


SYMBOL TABLE
  LABEL                             VALUE 

SPPDATA                           00000F62
SPPEN                             00000000
SPPEPS                            00000F64
SPPIE                             00000007
SPPIF                             00000007
SPPIP                             00000007
SPPOWN                            00000001
SREN                              00000005
SSPADD                            00000FC8
SSPBUF                            00000FC9
SSPCON1                           00000FC6
SSPCON2                           00000FC5
SSPEN                             00000005
SSPIE                             00000003
SSPIF                             00000003
SSPIP                             00000003
SSPM0                             00000000
SSPM1                             00000001
SSPM2                             00000002
SSPM3                             00000003
SSPOV                             00000006
SSPSTAT                           00000FC7
STALLIE                           00000005
STALLIF                           00000005
STATUS                            00000FD8
STKFUL                            00000007
STKOVF                            00000007
STKPTR                            00000FFC
STKPTR0                           00000000
STKPTR1                           00000001
STKPTR2                           00000002
STKPTR3                           00000003
STKPTR4                           00000004
STKUNF                            00000006
SUSPND                            00000001
SWDTE                             00000000
SWDTEN                            00000000
SYNC                              00000004
T08BIT                            00000006
T0CKI                             00000004
T0CON                             00000FD5
T0CS                              00000005
T0IE                              00000005
T0IF                              00000002
T0IP                              00000002
T0PS0                             00000000
T0PS1                             00000001
T0PS2                             00000002
T0SE                              00000004
T13CKI                            00000000
T1CKPS0                           00000004
T1CKPS1                           00000005
T1CON                             00000FCD
MPASM  5.51                      PRATICA2.ASM   9-23-2016  19:37:12         PAGE 22


SYMBOL TABLE
  LABEL                             VALUE 

T1OSCEN                           00000003
T1OSI                             00000001
T1OSO                             00000000
T1RUN                             00000006
T1SYNC                            00000002
T2CKPS0                           00000000
T2CKPS1                           00000001
T2CON                             00000FCA
T2OUTPS0                          00000003
T2OUTPS1                          00000004
T2OUTPS2                          00000005
T2OUTPS3                          00000006
T3CCP1                            00000003
T3CCP2                            00000006
T3CKPS0                           00000004
T3CKPS1                           00000005
T3CON                             00000FB1
T3NSYNC                           00000002
T3SYNC                            00000002
TABLAT                            00000FF5
TBLPTR                            00000FF6
TBLPTRH                           00000FF7
TBLPTRL                           00000FF6
TBLPTRU                           00000FF8
TEMPORIZADOR                      00000006
TMR0                              00000FD6
TMR0H                             00000FD7
TMR0IE                            00000005
TMR0IF                            00000002
TMR0IP                            00000002
TMR0L                             00000FD6
TMR0ON                            00000007
TMR1                              00000FCE
TMR1CS                            00000001
TMR1H                             00000FCF
TMR1IE                            00000000
TMR1IF                            00000000
TMR1IP                            00000000
TMR1L                             00000FCE
TMR1ON                            00000000
TMR2                              00000FCC
TMR2IE                            00000001
TMR2IF                            00000001
TMR2IP                            00000001
TMR2ON                            00000002
TMR3                              00000FB2
TMR3CS                            00000001
TMR3H                             00000FB3
TMR3IE                            00000001
TMR3IF                            00000001
TMR3IP                            00000001
TMR3L                             00000FB2
TMR3ON                            00000000
MPASM  5.51                      PRATICA2.ASM   9-23-2016  19:37:12         PAGE 23


SYMBOL TABLE
  LABEL                             VALUE 

TO                                00000003
TOS                               00000FFD
TOSH                              00000FFE
TOSL                              00000FFD
TOSU                              00000FFF
TOUTPS0                           00000003
TOUTPS1                           00000004
TOUTPS2                           00000005
TOUTPS3                           00000006
TRAVA_BOTAO                       00000004
TRISA                             00000F92
TRISA0                            00000000
TRISA1                            00000001
TRISA2                            00000002
TRISA3                            00000003
TRISA4                            00000004
TRISA5                            00000005
TRISA6                            00000006
TRISB                             00000F93
TRISB0                            00000000
TRISB1                            00000001
TRISB2                            00000002
TRISB3                            00000003
TRISB4                            00000004
TRISB5                            00000005
TRISB6                            00000006
TRISB7                            00000007
TRISC                             00000F94
TRISC0                            00000000
TRISC1                            00000001
TRISC2                            00000002
TRISC6                            00000006
TRISC7                            00000007
TRISD                             00000F95
TRISD0                            00000000
TRISD1                            00000001
TRISD2                            00000002
TRISD3                            00000003
TRISD4                            00000004
TRISD5                            00000005
TRISD6                            00000006
TRISD7                            00000007
TRISE                             00000F96
TRISE0                            00000000
TRISE1                            00000001
TRISE2                            00000002
TRMT                              00000001
TRNIE                             00000003
TRNIF                             00000003
TUN0                              00000000
TUN1                              00000001
TUN2                              00000002
TUN3                              00000003
MPASM  5.51                      PRATICA2.ASM   9-23-2016  19:37:12         PAGE 24


SYMBOL TABLE
  LABEL                             VALUE 

TUN4                              00000004
TX                                00000006
TX9                               00000006
TX9D                              00000000
TXCKP                             00000004
TXEN                              00000005
TXIE                              00000004
TXIF                              00000004
TXIP                              00000004
TXREG                             00000FAD
TXSTA                             00000FAC
UA                                00000001
UADDR                             00000F6E
UCFG                              00000F6F
UCON                              00000F6D
UEIE                              00000F6B
UEIR                              00000F6A
UEP0                              00000F70
UEP1                              00000F71
UEP10                             00000F7A
UEP11                             00000F7B
UEP12                             00000F7C
UEP13                             00000F7D
UEP14                             00000F7E
UEP15                             00000F7F
UEP2                              00000F72
UEP3                              00000F73
UEP4                              00000F74
UEP5                              00000F75
UEP6                              00000F76
UEP7                              00000F77
UEP8                              00000F78
UEP9                              00000F79
UERRIE                            00000001
UERRIF                            00000001
UFRM                              00000F66
UFRMH                             00000F67
UFRML                             00000F66
UIE                               00000F69
UIR                               00000F68
UOEMON                            00000006
UPUEN                             00000004
URSTIE                            00000000
URSTIF                            00000000
USBEN                             00000003
USBIE                             00000005
USBIF                             00000005
USBIP                             00000005
USTAT                             00000F6C
UTEYE                             00000007
UTRDIS                            00000003
VCFG0                             00000004
VCFG1                             00000005
MPASM  5.51                      PRATICA2.ASM   9-23-2016  19:37:12         PAGE 25


SYMBOL TABLE
  LABEL                             VALUE 

VDIRMAG                           00000007
VREFM                             00000002
VREFP                             00000003
W                                 00000000
WCOL                              00000007
WDTCON                            00000FD1
WR                                00000001
WREG                              00000FE8
WREN                              00000002
WRERR                             00000003
WRSPP                             00000006
WS0                               00000000
WS1                               00000001
WS2                               00000002
WS3                               00000003
WUE                               00000001
Z                                 00000002
ZERAR                             000010C2
_BORV_0_2L                        000000E7
_BORV_1_2L                        000000EF
_BORV_2_2L                        000000F7
_BORV_3_2L                        000000FF
_BOR_OFF_2L                       000000F9
_BOR_ON_2L                        000000FF
_BOR_ON_ACTIVE_2L                 000000FD
_BOR_SOFT_2L                      000000FB
_CCP2MX_OFF_3H                    000000FE
_CCP2MX_ON_3H                     000000FF
_CONFIG1H                         00300001
_CONFIG1L                         00300000
_CONFIG2H                         00300003
_CONFIG2L                         00300002
_CONFIG3H                         00300005
_CONFIG4L                         00300006
_CONFIG5H                         00300009
_CONFIG5L                         00300008
_CONFIG6H                         0030000B
_CONFIG6L                         0030000A
_CONFIG7H                         0030000D
_CONFIG7L                         0030000C
_CP0_OFF_5L                       000000FF
_CP0_ON_5L                        000000FE
_CP1_OFF_5L                       000000FF
_CP1_ON_5L                        000000FD
_CP2_OFF_5L                       000000FF
_CP2_ON_5L                        000000FB
_CP3_OFF_5L                       000000FF
_CP3_ON_5L                        000000F7
_CPB_OFF_5H                       000000FF
_CPB_ON_5H                        000000BF
_CPD_OFF_5H                       000000FF
_CPD_ON_5H                        0000007F
_CPUDIV_OSC1_PLL2_1L              000000E7
MPASM  5.51                      PRATICA2.ASM   9-23-2016  19:37:12         PAGE 26


SYMBOL TABLE
  LABEL                             VALUE 

_CPUDIV_OSC2_PLL3_1L              000000EF
_CPUDIV_OSC3_PLL4_1L              000000F7
_CPUDIV_OSC4_PLL6_1L              000000FF
_DEBUG_OFF_4L                     000000FF
_DEBUG_ON_4L                      0000007F
_DEVID1                           003FFFFE
_DEVID2                           003FFFFF
_EBTR0_OFF_7L                     000000FF
_EBTR0_ON_7L                      000000FE
_EBTR1_OFF_7L                     000000FF
_EBTR1_ON_7L                      000000FD
_EBTR2_OFF_7L                     000000FF
_EBTR2_ON_7L                      000000FB
_EBTR3_OFF_7L                     000000FF
_EBTR3_ON_7L                      000000F7
_EBTRB_OFF_7H                     000000FF
_EBTRB_ON_7H                      000000BF
_FCMEN_OFF_1H                     000000BF
_FCMEN_ON_1H                      000000FF
_FOSC_ECIO_EC_1H                  000000F4
_FOSC_ECPLLIO_EC_1H               000000F6
_FOSC_ECPLL_EC_1H                 000000F7
_FOSC_EC_EC_1H                    000000F5
_FOSC_HSPLL_HS_1H                 000000FE
_FOSC_HS_1H                       000000FC
_FOSC_INTOSCIO_EC_1H              000000F8
_FOSC_INTOSC_EC_1H                000000F9
_FOSC_INTOSC_HS_1H                000000FB
_FOSC_INTOSC_XT_1H                000000FA
_FOSC_XTPLL_XT_1H                 000000F2
_FOSC_XT_XT_1H                    000000F0
_ICPRT_OFF_4L                     000000DF
_ICPRT_ON_4L                      000000FF
_IDLOC0                           00200000
_IDLOC1                           00200001
_IDLOC2                           00200002
_IDLOC3                           00200003
_IDLOC4                           00200004
_IDLOC5                           00200005
_IDLOC6                           00200006
_IDLOC7                           00200007
_IESO_OFF_1H                      0000007F
_IESO_ON_1H                       000000FF
_LPT1OSC_OFF_3H                   000000FB
_LPT1OSC_ON_3H                    000000FF
_LVP_OFF_4L                       000000FB
_LVP_ON_4L                        000000FF
_MCLRE_OFF_3H                     0000007F
_MCLRE_ON_3H                      000000FF
_PBADEN_OFF_3H                    000000FD
_PBADEN_ON_3H                     000000FF
_PLLDIV_10_1L                     000000FE
_PLLDIV_12_1L                     000000FF
MPASM  5.51                      PRATICA2.ASM   9-23-2016  19:37:12         PAGE 27


SYMBOL TABLE
  LABEL                             VALUE 

_PLLDIV_1_1L                      000000F8
_PLLDIV_2_1L                      000000F9
_PLLDIV_3_1L                      000000FA
_PLLDIV_4_1L                      000000FB
_PLLDIV_5_1L                      000000FC
_PLLDIV_6_1L                      000000FD
_PWRT_OFF_2L                      000000FF
_PWRT_ON_2L                       000000FE
_STVREN_OFF_4L                    000000FE
_STVREN_ON_4L                     000000FF
_USBDIV_1_1L                      000000DF
_USBDIV_2_1L                      000000FF
_VREGEN_OFF_2L                    000000DF
_VREGEN_ON_2L                     000000FF
_WDTPS_1024_2H                    000000F5
_WDTPS_128_2H                     000000EF
_WDTPS_16384_2H                   000000FD
_WDTPS_16_2H                      000000E9
_WDTPS_1_2H                       000000E1
_WDTPS_2048_2H                    000000F7
_WDTPS_256_2H                     000000F1
_WDTPS_2_2H                       000000E3
_WDTPS_32768_2H                   000000FF
_WDTPS_32_2H                      000000EB
_WDTPS_4096_2H                    000000F9
_WDTPS_4_2H                       000000E5
_WDTPS_512_2H                     000000F3
_WDTPS_64_2H                      000000ED
_WDTPS_8192_2H                    000000FB
_WDTPS_8_2H                       000000E7
_WDT_OFF_2H                       000000FE
_WDT_ON_2H                        000000FF
_WRT0_OFF_6L                      000000FF
_WRT0_ON_6L                       000000FE
_WRT1_OFF_6L                      000000FF
_WRT1_ON_6L                       000000FD
_WRT2_OFF_6L                      000000FF
_WRT2_ON_6L                       000000FB
_WRT3_OFF_6L                      000000FF
_WRT3_ON_6L                       000000F7
_WRTB_OFF_6H                      000000FF
_WRTB_ON_6H                       000000BF
_WRTC_OFF_6H                      000000FF
_WRTC_ON_6H                       000000DF
_WRTD_OFF_6H                      000000FF
_WRTD_ON_6H                       0000007F
_XINST_OFF_4L                     000000BF
_XINST_ON_4L                      000000FF
__18F4550                         00000001
__DEBUG                           1
delay_val                         00000008
delay_x200                        0000000C
delay_x50                         0000000A
MPASM  5.51                      PRATICA2.ASM   9-23-2016  19:37:12         PAGE 28


MEMORY USAGE MAP ('X' = Used,  '-' = Unused)


0000 : XXXXXXXXXXXXXX-- ---------------- ---------------- ----------------
1000 : XXXXXXXXXXXXXXXX XXXXXXXXXXXXXXXX XXXXXXXXXXXXXXXX XXXXXXXXXXXXXXXX
1040 : XXXXXXXXXXXXXXXX XXXXXXXXXXXXXXXX XXXXXXXXXXXXXXXX XXXXXXXXXXXXXXXX
1080 : XXXXXXXXXXXXXXXX XXXXXXXXXXXXXXXX XXXXXXXXXXXXXXXX XXXXXXXXXXXXXXXX
10C0 : XXXXXXXXXXXXXXXX XXXXXXXXXXXXXXXX XXXXXXXXXXXXXXXX XXXXXXXXXXXXXXXX
1100 : XXXXXXXXXXXXXXXX XXXXXXXXXXXXXXXX XXXXXXXXXXXXXXXX XXXXXXXXXXXXXXXX
1140 : XXXXXXXXXXXXXXXX XXXXXXXXXXXXXXXX XXXXXXXXXXXXXXXX XXXXXXXXXXXXXXXX
1180 : XXXXXXXXXXXXXXXX XXXXXXXXXXXXXXXX XXXXXXXXXXXXXXXX XXXXXXXXXXXXXXXX
11C0 : XXXXXXXXXXXXXXXX XXXXXXXXXXXXXXXX XXXXXXXXXXXXXXXX XXXXXXXXXXXXXXXX
1200 : XXXXXXXXXXXXXXXX XXXXXXXXXXXXXXXX XXXXXXXXXXXXXXXX XXXXXXXXXXXXXXXX
1240 : XXXXXXXXXXXXXXXX XXXXXXXXXXXXXXXX XXXXXXXXXXXXXXXX XXXXXXXXXXXXXXXX
1280 : XXXXXXXXXXXXXXXX XXXXXX---------- ---------------- ----------------
0000 : XXXX-XX-XXXXXX-- ---------------- ---------------- ----------------

All other memory blocks unused.

Program Memory Bytes Used:   688
Program Memory Bytes Free: 32080


Errors   :     0
Warnings :     7 reported,     0 suppressed
Messages :     0 reported,     0 suppressed

