MPLINK 4.49, Linker
Linker Map File - Created Fri Nov 18 21:03:22 2016

                                 Section Info
                  Section       Type    Address   Location Size(Bytes)
                ---------  ---------  ---------  ---------  ---------
               _entry_scn       code   0x000000    program   0x000006
    REMAPPED_RESET_VECTOR       code   0x001000    program   0x000006
                   .cinit    romdata   0x00102a    program   0x000002
         .code_vfprintf.o       code   0x00102c    program   0x000c22
                     PROG       code   0x001c4e    program   0x0005a4
         .code_pratica5.o       code   0x0021f2    program   0x0004c0
          .code_my_xlcd.o       code   0x0026b2    program   0x00036e
                   STDLIB       code   0x002a20    program   0x000134
          .code_sprintf.o       code   0x002b54    program   0x0000ac
               _cinit_scn       code   0x002c00    program   0x00009e
             .code_putc.o       code   0x002c9e    program   0x000084
          .code_fxm3232.o       code   0x002d22    program   0x000070
          .code_adcopen.o       code   0x002d92    program   0x00006e
                   STRING       code   0x002e00    program   0x000066
         .code_fxd3232u.o       code   0x002e66    program   0x000048
             .stringtable    romdata   0x002eae    program   0x00003b
       .idata_adcopen.o_i    romdata   0x002ee9    program   0x000000
      .romdata_fxd1616u.o    romdata   0x002ee9    program   0x000000
       .romdata_adcread.o    romdata   0x002ee9    program   0x000000
        .idata___init.o_i    romdata   0x002ee9    program   0x000000
       .romdata_sprintf.o    romdata   0x002ee9    program   0x000000
      .idata_vfprintf.o_i    romdata   0x002ee9    program   0x000000
      .idata_fxd3232u.o_i    romdata   0x002ee9    program   0x000000
       .romdata_fxm3232.o    romdata   0x002ee9    program   0x000000
          .idata_putc.o_i    romdata   0x002ee9    program   0x000000
    .romdata__user_putc.o    romdata   0x002ee9    program   0x000000
         .idata_c018i.o_i    romdata   0x002ee9    program   0x000000
       .idata_my_xlcd.o_i    romdata   0x002ee9    program   0x000000
      .romdata_pratica5.o    romdata   0x002ee9    program   0x000000
       .idata_adcbusy.o_i    romdata   0x002ee9    program   0x000000
       .romdata_adcconv.o    romdata   0x002ee9    program   0x000000
             D10KTCYXCODE       code   0x002eea    program   0x00002e
         .code_fxd1616u.o       code   0x002f18    program   0x00002c
                    CTYPE       code   0x002f44    program   0x000024
                    .code       code   0x002f68    program   0x000020
             _startup_scn       code   0x002f88    program   0x00001c
                    STDIO       code   0x002fa4    program   0x00001c
             D100TCYXCODE       code   0x002fc0    program   0x00001c
          .code_adcread.o       code   0x002fdc    program   0x000012
      .romdata_vfprintf.o    romdata   0x002fee    program   0x000011
         .romdata_c018i.o    romdata   0x002fff    program   0x000000
    .idata__user_putc.o_i    romdata   0x002fff    program   0x000000
          .romdata_putc.o    romdata   0x002fff    program   0x000000
       .romdata_my_xlcd.o    romdata   0x002fff    program   0x000000
      .idata_pratica5.o_i    romdata   0x002fff    program   0x000000
       .idata_fxm3232.o_i    romdata   0x002fff    program   0x000000
      .idata_fxd1616u.o_i    romdata   0x002fff    program   0x000000
      .romdata_fxd3232u.o    romdata   0x002fff    program   0x000000
       .idata_sprintf.o_i    romdata   0x002fff    program   0x000000
        .romdata___init.o    romdata   0x002fff    program   0x000000
       .romdata_adcbusy.o    romdata   0x002fff    program   0x000000
       .idata_adcread.o_i    romdata   0x002fff    program   0x000000
       .idata_adcconv.o_i    romdata   0x002fff    program   0x000000
       .romdata_adcopen.o    romdata   0x002fff    program   0x000000
          .code_adcbusy.o       code   0x003000    program   0x00000a
            .code_c018i.o       code   0x003000    program   0x000000
          .code_adcconv.o       code   0x00300a    program   0x000004
       .code__user_putc.o       code   0x00300e    program   0x000002
           .code___init.o       code   0x003010    program   0x000002
.config_300001_pratica5.o    romdata   0x300001    program   0x000001
.config_300003_pratica5.o    romdata   0x300003    program   0x000001
.config_300005_pratica5.o    romdata   0x300005    program   0x000001
.config_300006_pratica5.o    romdata   0x300006    program   0x000001
                MATH_DATA      udata   0x000000       data   0x000014
                 .tmpdata      udata   0x000014       data   0x00000c
                DELAYDAT2      udata   0x000020       data   0x000001
                DELAYDAT1      udata   0x000021       data   0x000001
           .udata_c018i.o      udata   0x000060       data   0x00000a
         .idata_adcread.o      idata   0x00006a       data   0x000000
          .udata___init.o      udata   0x00006a       data   0x000000
          .idata___init.o      idata   0x00006a       data   0x000000
         .udata_sprintf.o      udata   0x00006a       data   0x000000
         .idata_sprintf.o      idata   0x00006a       data   0x000000
        .udata_vfprintf.o      udata   0x00006a       data   0x000000
        .idata_vfprintf.o      idata   0x00006a       data   0x000000
        .udata_fxd3232u.o      udata   0x00006a       data   0x000000
        .idata_fxd3232u.o      idata   0x00006a       data   0x000000
         .udata_fxm3232.o      udata   0x00006a       data   0x000000
         .idata_fxm3232.o      idata   0x00006a       data   0x000000
            .udata_putc.o      udata   0x00006a       data   0x000000
            .idata_putc.o      idata   0x00006a       data   0x000000
      .udata__user_putc.o      udata   0x00006a       data   0x000000
      .idata__user_putc.o      idata   0x00006a       data   0x000000
         .udata_adcread.o      udata   0x00006a       data   0x000000
         .idata_adcopen.o      idata   0x00006a       data   0x000000
         .udata_adcopen.o      udata   0x00006a       data   0x000000
        .idata_fxd1616u.o      idata   0x00006a       data   0x000000
        .udata_fxd1616u.o      udata   0x00006a       data   0x000000
         .idata_adcconv.o      idata   0x00006a       data   0x000000
         .udata_adcconv.o      udata   0x00006a       data   0x000000
         .idata_adcbusy.o      idata   0x00006a       data   0x000000
         .udata_adcbusy.o      udata   0x00006a       data   0x000000
        .idata_pratica5.o      idata   0x00006a       data   0x000000
        .udata_pratica5.o      udata   0x00006a       data   0x000000
         .idata_my_xlcd.o      idata   0x00006a       data   0x000000
         .udata_my_xlcd.o      udata   0x00006a       data   0x000000
           .idata_c018i.o      idata   0x00006a       data   0x000000
                   .stack      udata   0x000300       data   0x000100
            SFR_UNBANKED0      udata   0x000f62       data   0x00009e



                              Program Memory Usage 
                               Start         End      
                           ---------   ---------      
                            0x000000    0x000005      
                            0x001000    0x001005      
                            0x00102a    0x002ee8      
                            0x002eea    0x002ffe      
                            0x003000    0x003011      
                            0x300001    0x300001      
                            0x300003    0x300003      
                            0x300005    0x300006      
            8182 out of 33048 program addresses used, program memory utilization is 24%



                              Symbols - Sorted by Name
                     Name    Address   Location    Storage File                     
                ---------  ---------  ---------  --------- ---------                
                  BusyADC   0x003000    program     extern C:\Program Files\Microchip\mplabc18\v3.37\src\pmc_common\ADC\adcbusy.c
               ConvertADC   0x00300a    program     extern C:\Program Files\Microchip\mplabc18\v3.37\src\pmc_common\ADC\adcconv.c
                   D100_1   0x002fce    program     static C:\Program Files\Microchip\mplabc18\v3.37\src\traditional\delays\d100tcyx.asm
                    D100x   0x002fcc    program     static C:\Program Files\Microchip\mplabc18\v3.37\src\traditional\delays\d100tcyx.asm
                   D10K_1   0x002ef6    program     static C:\Program Files\Microchip\mplabc18\v3.37\src\traditional\delays\d10ktcyx.asm
                    D10Kl   0x002f02    program     static C:\Program Files\Microchip\mplabc18\v3.37\src\traditional\delays\d10ktcyx.asm
                    D10Kx   0x002ef4    program     static C:\Program Files\Microchip\mplabc18\v3.37\src\traditional\delays\d10ktcyx.asm
                   D1616S   0x001f48    program     static C:\Program Files\Microchip\mplabc18\v3.37\src\traditional\math\fxd1616s.asm
                D1616SNEG   0x001f56    program     static C:\Program Files\Microchip\mplabc18\v3.37\src\traditional\math\fxd1616s.asm
                 D1616SOK   0x001f52    program     static C:\Program Files\Microchip\mplabc18\v3.37\src\traditional\math\fxd1616s.asm
                  D1616SX   0x001f68    program     static C:\Program Files\Microchip\mplabc18\v3.37\src\traditional\math\fxd1616s.asm
                  DA1616S   0x001f38    program     static C:\Program Files\Microchip\mplabc18\v3.37\src\traditional\math\fxd1616s.asm
             Delay100TCYx   0x002fc0    program     extern C:\Program Files\Microchip\mplabc18\v3.37\src\traditional\delays\d100tcyx.asm
             Delay10KTCYx   0x002eea    program     extern C:\Program Files\Microchip\mplabc18\v3.37\src\traditional\delays\d10ktcyx.asm
                 FLO1632S   0x001c52    program     extern C:\Program Files\Microchip\mplabc18\v3.37\src\traditional\math\cast16FP.asm
                 FLO1632U   0x001c4e    program     extern C:\Program Files\Microchip\mplabc18\v3.37\src\traditional\math\cast16FP.asm
                    FPA32   0x001dfa    program     extern C:\Program Files\Microchip\mplabc18\v3.37\src\traditional\math\addFP.asm
                    FPD32   0x001c78    program     extern C:\Program Files\Microchip\mplabc18\v3.37\src\traditional\math\divFP.asm
                    FPM32   0x001d1e    program     extern C:\Program Files\Microchip\mplabc18\v3.37\src\traditional\math\mulFP.asm
                    FPS32   0x001df8    program     extern C:\Program Files\Microchip\mplabc18\v3.37\src\traditional\math\addFP.asm
                 FXD1616S   0x001f26    program     extern C:\Program Files\Microchip\mplabc18\v3.37\src\traditional\math\fxd1616s.asm
                 FXD1616U   0x002f18    program     extern C:\Program Files\Microchip\mplabc18\v3.37\src\traditional\math\fxd1616u.c
                 FXD3232U   0x002e66    program     extern C:\Program Files\Microchip\mplabc18\v3.37\src\traditional\math\fxd3232u.c
                 FXM1616S   0x002198    program     extern C:\Program Files\Microchip\mplabc18\v3.37\src\traditional\math\fxm1616s.asm
                  FXM3232   0x002d22    program     extern C:\Program Files\Microchip\mplabc18\v3.37\src\traditional\math\fxm3232.c
                  INT3216   0x001f72    program     extern C:\Program Files\Microchip\mplabc18\v3.37\src\traditional\math\castFP16.asm
                  OneByte   0x002b42    program     static C:\Program Files\Microchip\mplabc18\v3.37\src\traditional\stdclib\itobcd.asm
                  OpenADC   0x002d92    program     extern C:\Program Files\Microchip\mplabc18\v3.37\src\pmc_common\ADC\adcopen.c
                 OpenXLCD   0x0026b2    program     extern C:\Users\u2503a02034\Desktop\pratica5\my_xlcd.c
                ProcLower   0x002af6    program     static C:\Program Files\Microchip\mplabc18\v3.37\src\traditional\stdclib\itoa.asm
                ProcUpper   0x002aec    program     static C:\Program Files\Microchip\mplabc18\v3.37\src\traditional\stdclib\itoa.asm
                  ReadADC   0x002fdc    program     extern C:\Program Files\Microchip\mplabc18\v3.37\src\pmc_common\ADC\adcread.c
             SetDDRamAddr   0x0028a6    program     extern C:\Users\u2503a02034\Desktop\pratica5\my_xlcd.c
                  TAGTB32   0x001fd0    program     extern C:\Program Files\Microchip\mplabc18\v3.37\src\traditional\math\gtFP.asm
               TSIGN1616A   0x0021e4    program     static C:\Program Files\Microchip\mplabc18\v3.37\src\traditional\math\fxm1616s.asm
                 TstLower   0x002ae0    program     static C:\Program Files\Microchip\mplabc18\v3.37\src\traditional\stdclib\itoa.asm
                 TstUpper   0x002ada    program     static C:\Program Files\Microchip\mplabc18\v3.37\src\traditional\stdclib\itoa.asm
             WriteCmdXLCD   0x002776    program     extern C:\Users\u2503a02034\Desktop\pratica5\my_xlcd.c
            WriteDataXLCD   0x00280e    program     extern C:\Users\u2503a02034\Desktop\pratica5\my_xlcd.c
                   _2jEnd   0x002e50    program     static C:\Program Files\Microchip\mplabc18\v3.37\src\traditional\stdclib\slenpgm.asm
       _D100TCYXCODE_0008   0x002fc8    program     static C:\Program Files\Microchip\mplabc18\v3.37\src\traditional\delays\d100tcyx.asm
       _D100TCYXCODE_0012   0x002fd2    program     static C:\Program Files\Microchip\mplabc18\v3.37\src\traditional\delays\d100tcyx.asm
       _D100TCYXCODE_0018   0x002fd8    program     static C:\Program Files\Microchip\mplabc18\v3.37\src\traditional\delays\d100tcyx.asm
       _D10KTCYXCODE_0010   0x002efa    program     static C:\Program Files\Microchip\mplabc18\v3.37\src\traditional\delays\d10ktcyx.asm
       _D10KTCYXCODE_001C   0x002f06    program     static C:\Program Files\Microchip\mplabc18\v3.37\src\traditional\delays\d10ktcyx.asm
              __FpCompare   0x001fe2    program     extern C:\Program Files\Microchip\mplabc18\v3.37\src\traditional\math\compFP.asm
                 __FpExit   0x002098    program     extern C:\Program Files\Microchip\mplabc18\v3.37\src\traditional\math\packFP.asm
                 __FpPack   0x0020c4    program     extern C:\Program Files\Microchip\mplabc18\v3.37\src\traditional\math\packFP.asm
            __FpReturnNaN   0x00208c    program     extern C:\Program Files\Microchip\mplabc18\v3.37\src\traditional\math\packFP.asm
         __FpReturnNegInf   0x00209e    program     extern C:\Program Files\Microchip\mplabc18\v3.37\src\traditional\math\packFP.asm
        __FpReturnNegZero   0x0020b6    program     extern C:\Program Files\Microchip\mplabc18\v3.37\src\traditional\math\packFP.asm
         __FpReturnPosInf   0x0020a4    program     extern C:\Program Files\Microchip\mplabc18\v3.37\src\traditional\math\packFP.asm
        __FpReturnPosZero   0x0020be    program     extern C:\Program Files\Microchip\mplabc18\v3.37\src\traditional\math\packFP.asm
        __FpReturnSignInf   0x00209a    program     extern C:\Program Files\Microchip\mplabc18\v3.37\src\traditional\math\packFP.asm
       __FpReturnSignZero   0x0020b2    program     extern C:\Program Files\Microchip\mplabc18\v3.37\src\traditional\math\packFP.asm
              __FpReturnW   0x00211c    program     extern C:\Program Files\Microchip\mplabc18\v3.37\src\traditional\math\packFP.asm
              __FpUnPackA   0x00213c    program     extern C:\Program Files\Microchip\mplabc18\v3.37\src\traditional\math\UnpackFP.asm
              __FpUnPackB   0x00216c    program     extern C:\Program Files\Microchip\mplabc18\v3.37\src\traditional\math\UnpackFP.asm
       ___return_lbl00000   0x001004    program     static                          
       ___return_lbl00000   0x002f42    program     static                          
       ___return_lbl00000   0x002eac    program     static                          
       ___return_lbl00000   0x000004    program     static                          
       ___return_lbl00000   0x002d90    program     static                          
       ___return_lbl00001   0x002fa2    program     static                          
       ___return_lbl00002   0x002c9c    program     static                          
               __config_0   0x300001    program     static C:\Users\u2503a02034\Desktop\pratica5\pratica5.c
               __config_1   0x300003    program     static C:\Users\u2503a02034\Desktop\pratica5\pratica5.c
               __config_2   0x300005    program     static C:\Users\u2503a02034\Desktop\pratica5\pratica5.c
               __config_3   0x300006    program     static C:\Users\u2503a02034\Desktop\pratica5\pratica5.c
                   __init   0x003010    program     extern C:\Program Files\Microchip\mplabc18\v3.37\src\traditional\stdclib\__init.c
                   __pa_0   0x00196c    program     static C:\Program Files\Microchip\mplabc18\v3.37\src\traditional\stdclib\vfprintf.c
                   __pa_1   0x001974    program     static C:\Program Files\Microchip\mplabc18\v3.37\src\traditional\stdclib\vfprintf.c
                  __pa_10   0x001a28    program     static C:\Program Files\Microchip\mplabc18\v3.37\src\traditional\stdclib\vfprintf.c
                  __pa_11   0x001a36    program     static C:\Program Files\Microchip\mplabc18\v3.37\src\traditional\stdclib\vfprintf.c
                  __pa_12   0x001a4c    program     static C:\Program Files\Microchip\mplabc18\v3.37\src\traditional\stdclib\vfprintf.c
                  __pa_13   0x001a66    program     static C:\Program Files\Microchip\mplabc18\v3.37\src\traditional\stdclib\vfprintf.c
                  __pa_14   0x001a7e    program     static C:\Program Files\Microchip\mplabc18\v3.37\src\traditional\stdclib\vfprintf.c
                  __pa_15   0x001a8e    program     static C:\Program Files\Microchip\mplabc18\v3.37\src\traditional\stdclib\vfprintf.c
                  __pa_16   0x001aa4    program     static C:\Program Files\Microchip\mplabc18\v3.37\src\traditional\stdclib\vfprintf.c
                  __pa_17   0x001ab6    program     static C:\Program Files\Microchip\mplabc18\v3.37\src\traditional\stdclib\vfprintf.c
                  __pa_18   0x001ac8    program     static C:\Program Files\Microchip\mplabc18\v3.37\src\traditional\stdclib\vfprintf.c
                  __pa_19   0x001ad2    program     static C:\Program Files\Microchip\mplabc18\v3.37\src\traditional\stdclib\vfprintf.c
                   __pa_2   0x00197e    program     static C:\Program Files\Microchip\mplabc18\v3.37\src\traditional\stdclib\vfprintf.c
                  __pa_20   0x001ae2    program     static C:\Program Files\Microchip\mplabc18\v3.37\src\traditional\stdclib\vfprintf.c
                  __pa_21   0x001af2    program     static C:\Program Files\Microchip\mplabc18\v3.37\src\traditional\stdclib\vfprintf.c
                  __pa_22   0x001b02    program     static C:\Program Files\Microchip\mplabc18\v3.37\src\traditional\stdclib\vfprintf.c
                  __pa_23   0x001b0e    program     static C:\Program Files\Microchip\mplabc18\v3.37\src\traditional\stdclib\vfprintf.c
                  __pa_24   0x001b1c    program     static C:\Program Files\Microchip\mplabc18\v3.37\src\traditional\stdclib\vfprintf.c
                  __pa_25   0x001b24    program     static C:\Program Files\Microchip\mplabc18\v3.37\src\traditional\stdclib\vfprintf.c
                  __pa_26   0x001b2e    program     static C:\Program Files\Microchip\mplabc18\v3.37\src\traditional\stdclib\vfprintf.c
                  __pa_27   0x001b38    program     static C:\Program Files\Microchip\mplabc18\v3.37\src\traditional\stdclib\vfprintf.c
                  __pa_28   0x001b40    program     static C:\Program Files\Microchip\mplabc18\v3.37\src\traditional\stdclib\vfprintf.c
                  __pa_29   0x001b4e    program     static C:\Program Files\Microchip\mplabc18\v3.37\src\traditional\stdclib\vfprintf.c
                   __pa_3   0x001988    program     static C:\Program Files\Microchip\mplabc18\v3.37\src\traditional\stdclib\vfprintf.c
                  __pa_30   0x001b6a    program     static C:\Program Files\Microchip\mplabc18\v3.37\src\traditional\stdclib\vfprintf.c
                  __pa_31   0x001b84    program     static C:\Program Files\Microchip\mplabc18\v3.37\src\traditional\stdclib\vfprintf.c
                  __pa_32   0x001b9e    program     static C:\Program Files\Microchip\mplabc18\v3.37\src\traditional\stdclib\vfprintf.c
                  __pa_33   0x001bb6    program     static C:\Program Files\Microchip\mplabc18\v3.37\src\traditional\stdclib\vfprintf.c
                  __pa_34   0x001bc0    program     static C:\Program Files\Microchip\mplabc18\v3.37\src\traditional\stdclib\vfprintf.c
                  __pa_35   0x001bce    program     static C:\Program Files\Microchip\mplabc18\v3.37\src\traditional\stdclib\vfprintf.c
                  __pa_36   0x001bd6    program     static C:\Program Files\Microchip\mplabc18\v3.37\src\traditional\stdclib\vfprintf.c
                  __pa_37   0x001be0    program     static C:\Program Files\Microchip\mplabc18\v3.37\src\traditional\stdclib\vfprintf.c
                  __pa_38   0x001bf0    program     static C:\Program Files\Microchip\mplabc18\v3.37\src\traditional\stdclib\vfprintf.c
                  __pa_39   0x001bfe    program     static C:\Program Files\Microchip\mplabc18\v3.37\src\traditional\stdclib\vfprintf.c
                   __pa_4   0x0019a0    program     static C:\Program Files\Microchip\mplabc18\v3.37\src\traditional\stdclib\vfprintf.c
                  __pa_40   0x001c0a    program     static C:\Program Files\Microchip\mplabc18\v3.37\src\traditional\stdclib\vfprintf.c
                  __pa_41   0x001c16    program     static C:\Program Files\Microchip\mplabc18\v3.37\src\traditional\stdclib\vfprintf.c
                  __pa_42   0x001c1e    program     static C:\Program Files\Microchip\mplabc18\v3.37\src\traditional\stdclib\vfprintf.c
                  __pa_43   0x001c28    program     static C:\Program Files\Microchip\mplabc18\v3.37\src\traditional\stdclib\vfprintf.c
                  __pa_44   0x001c2e    program     static C:\Program Files\Microchip\mplabc18\v3.37\src\traditional\stdclib\vfprintf.c
                  __pa_45   0x001c38    program     static C:\Program Files\Microchip\mplabc18\v3.37\src\traditional\stdclib\vfprintf.c
                  __pa_46   0x001c44    program     static C:\Program Files\Microchip\mplabc18\v3.37\src\traditional\stdclib\vfprintf.c
                   __pa_5   0x0019b4    program     static C:\Program Files\Microchip\mplabc18\v3.37\src\traditional\stdclib\vfprintf.c
                   __pa_6   0x0019d0    program     static C:\Program Files\Microchip\mplabc18\v3.37\src\traditional\stdclib\vfprintf.c
                   __pa_7   0x0019da    program     static C:\Program Files\Microchip\mplabc18\v3.37\src\traditional\stdclib\vfprintf.c
                   __pa_8   0x0019e6    program     static C:\Program Files\Microchip\mplabc18\v3.37\src\traditional\stdclib\vfprintf.c
                   __pa_9   0x001a08    program     static C:\Program Files\Microchip\mplabc18\v3.37\src\traditional\stdclib\vfprintf.c
               __string_0   0x002edc    program     static C:\Users\u2503a02034\Desktop\pratica5\pratica5.c
               __string_1   0x002ed1    program     static C:\Users\u2503a02034\Desktop\pratica5\pratica5.c
               __string_2   0x002ecf    program     static C:\Users\u2503a02034\Desktop\pratica5\pratica5.c
               __string_3   0x002ebe    program     static C:\Users\u2503a02034\Desktop\pratica5\pratica5.c
               __string_4   0x002eae    program     static C:\Users\u2503a02034\Desktop\pratica5\pratica5.c
              __tmplbl_42   0x001b02    program     static                          
              __tmplbl_43   0x00194a    program     static                          
              __tmplbl_44   0x001930    program     static                          
              __tmplbl_85   0x001082    program     static                          
            __zero_memory   0x002f68    program     extern C:\Program Files\Microchip\mplabc18\v3.37\src\traditional\proc\p18F4550.asm
                _do_cinit   0x002c00    program     extern C:\Program Files\Microchip\mplabc18\v3.37\src\traditional\startup\c018i.c
                   _entry   0x000000    program     extern C:\Program Files\Microchip\mplabc18\v3.37\src\traditional\startup\c018i.c
                   _false   0x002ea8    program     static                          
                   _reset   0x001000    program     extern C:\Users\u2503a02034\Desktop\pratica5\pratica5.c
                 _startup   0x002f88    program     extern C:\Program Files\Microchip\mplabc18\v3.37\src\traditional\startup\c018i.c
              _usart_putc   0x002fa4    program     extern C:\Program Files\Microchip\mplabc18\v3.37\src\pmc_common\USART\_usartpc.asm
               _user_putc   0x00300e    program     extern C:\Program Files\Microchip\mplabc18\v3.37\src\traditional\stdclib\_user_putc.c
                compare_l   0x002f7e    program     static C:\Program Files\Microchip\mplabc18\v3.37\src\traditional\proc\p18F4550.asm
                copy_loop   0x002c72    program     static                          
            copy_one_byte   0x002c78    program     static                          
                     done   0x002c9c    program     static                          
             done_copying   0x002c86    program     static                          
                  endloop   0x002f3e    program     static                          
                  isdigit   0x002f44    program     extern C:\Program Files\Microchip\mplabc18\v3.37\src\traditional\stdclib\isdigit.asm
                   itoBCD   0x002b00    program     extern C:\Program Files\Microchip\mplabc18\v3.37\src\traditional\stdclib\itobcd.asm
                     itoa   0x002a20    program     extern C:\Program Files\Microchip\mplabc18\v3.37\src\traditional\stdclib\itoa.asm
                 jANotInf   0x001d3c    program     static C:\Program Files\Microchip\mplabc18\v3.37\src\traditional\math\mulFP.asm
                 jANotInf   0x001e22    program     static C:\Program Files\Microchip\mplabc18\v3.37\src\traditional\math\addFP.asm
                 jANotInf   0x001c96    program     static C:\Program Files\Microchip\mplabc18\v3.37\src\traditional\math\divFP.asm
                 jANotNeg   0x001eb6    program     static C:\Program Files\Microchip\mplabc18\v3.37\src\traditional\math\addFP.asm
                jANotZero   0x001caa    program     static C:\Program Files\Microchip\mplabc18\v3.37\src\traditional\math\divFP.asm
              jAandWsetup   0x001e86    program     static C:\Program Files\Microchip\mplabc18\v3.37\src\traditional\math\addFP.asm
                  jAisNeg   0x00205e    program     static C:\Program Files\Microchip\mplabc18\v3.37\src\traditional\math\compFP.asm
                 jAltBexp   0x001e74    program     static C:\Program Files\Microchip\mplabc18\v3.37\src\traditional\math\addFP.asm
                jBANotInf   0x001e18    program     static C:\Program Files\Microchip\mplabc18\v3.37\src\traditional\math\addFP.asm
                 jBNotInf   0x001e30    program     static C:\Program Files\Microchip\mplabc18\v3.37\src\traditional\math\addFP.asm
              jBothFinite   0x001d4a    program     static C:\Program Files\Microchip\mplabc18\v3.37\src\traditional\math\mulFP.asm
             jBothNotZero   0x002000    program     static C:\Program Files\Microchip\mplabc18\v3.37\src\traditional\math\compFP.asm
             jBothNotZero   0x001d56    program     static C:\Program Files\Microchip\mplabc18\v3.37\src\traditional\math\mulFP.asm
            jDifOrPosSign   0x001e44    program     static C:\Program Files\Microchip\mplabc18\v3.37\src\traditional\math\addFP.asm
                     jDo1   0x002aa6    program     static C:\Program Files\Microchip\mplabc18\v3.37\src\traditional\stdclib\itoa.asm
                     jDo2   0x002aa2    program     static C:\Program Files\Microchip\mplabc18\v3.37\src\traditional\stdclib\itoa.asm
                     jDo3   0x002a9e    program     static C:\Program Files\Microchip\mplabc18\v3.37\src\traditional\stdclib\itoa.asm
                     jDo4   0x002a9a    program     static C:\Program Files\Microchip\mplabc18\v3.37\src\traditional\stdclib\itoa.asm
                     jDo5   0x002a96    program     static C:\Program Files\Microchip\mplabc18\v3.37\src\traditional\stdclib\itoa.asm
                      jEQ   0x00201c    program     static C:\Program Files\Microchip\mplabc18\v3.37\src\traditional\math\compFP.asm
                     jEnd   0x002e52    program     static C:\Program Files\Microchip\mplabc18\v3.37\src\traditional\stdclib\slenpgm.asm
                     jEnd   0x002e1a    program     static C:\Program Files\Microchip\mplabc18\v3.37\src\traditional\stdclib\strlen.asm
                     jEnd   0x002b3e    program     static C:\Program Files\Microchip\mplabc18\v3.37\src\traditional\stdclib\itobcd.asm
                    jExch   0x002028    program     static C:\Program Files\Microchip\mplabc18\v3.37\src\traditional\math\compFP.asm
                    jExit   0x001fce    program     static C:\Program Files\Microchip\mplabc18\v3.37\src\traditional\math\castFP16.asm
                   jExpEQ   0x00206e    program     static C:\Program Files\Microchip\mplabc18\v3.37\src\traditional\math\compFP.asm
                   jFinal   0x002052    program     static C:\Program Files\Microchip\mplabc18\v3.37\src\traditional\math\compFP.asm
               jFinalSign   0x001f1e    program     static C:\Program Files\Microchip\mplabc18\v3.37\src\traditional\math\addFP.asm
                jHaveZero   0x001d52    program     static C:\Program Files\Microchip\mplabc18\v3.37\src\traditional\math\mulFP.asm
                jI2F16Beg   0x001c62    program     static C:\Program Files\Microchip\mplabc18\v3.37\src\traditional\math\cast16FP.asm
                    jLoop   0x001fae    program     static C:\Program Files\Microchip\mplabc18\v3.37\src\traditional\math\castFP16.asm
                    jLoop   0x002e3a    program     static C:\Program Files\Microchip\mplabc18\v3.37\src\traditional\stdclib\slenpgm.asm
                    jLoop   0x001cd2    program     static C:\Program Files\Microchip\mplabc18\v3.37\src\traditional\math\divFP.asm
                    jLoop   0x002b18    program     static C:\Program Files\Microchip\mplabc18\v3.37\src\traditional\stdclib\itobcd.asm
                    jLoop   0x002e10    program     static C:\Program Files\Microchip\mplabc18\v3.37\src\traditional\stdclib\strlen.asm
                jLoopExit   0x001fbe    program     static C:\Program Files\Microchip\mplabc18\v3.37\src\traditional\math\castFP16.asm
                   jMatch   0x002f64    program     static C:\Program Files\Microchip\mplabc18\v3.37\src\traditional\stdclib\isdigit.asm
                     jMax   0x001f82    program     static C:\Program Files\Microchip\mplabc18\v3.37\src\traditional\math\castFP16.asm
                  jMaxNeg   0x001f90    program     static C:\Program Files\Microchip\mplabc18\v3.37\src\traditional\math\castFP16.asm
                  jMaxPos   0x001f86    program     static C:\Program Files\Microchip\mplabc18\v3.37\src\traditional\math\castFP16.asm
                      jNE   0x002020    program     static C:\Program Files\Microchip\mplabc18\v3.37\src\traditional\math\compFP.asm
                    jNext   0x001cf8    program     static C:\Program Files\Microchip\mplabc18\v3.37\src\traditional\math\divFP.asm
                jNoAdjust   0x001cf6    program     static C:\Program Files\Microchip\mplabc18\v3.37\src\traditional\math\divFP.asm
                  jNoExch   0x002048    program     static C:\Program Files\Microchip\mplabc18\v3.37\src\traditional\math\compFP.asm
                 jNoMatch   0x002f66    program     static C:\Program Files\Microchip\mplabc18\v3.37\src\traditional\stdclib\isdigit.asm
             jNotBothZero   0x001e48    program     static C:\Program Files\Microchip\mplabc18\v3.37\src\traditional\math\addFP.asm
                  jNotInf   0x001f9e    program     static C:\Program Files\Microchip\mplabc18\v3.37\src\traditional\math\castFP16.asm
                  jPkLoop   0x0020d2    program     static C:\Program Files\Microchip\mplabc18\v3.37\src\traditional\math\packFP.asm
             jPkRoundDone   0x00211c    program     static C:\Program Files\Microchip\mplabc18\v3.37\src\traditional\math\packFP.asm
               jPkRoundIt   0x002104    program     static C:\Program Files\Microchip\mplabc18\v3.37\src\traditional\math\packFP.asm
             jPkShiftDone   0x0020ee    program     static C:\Program Files\Microchip\mplabc18\v3.37\src\traditional\math\packFP.asm
           jReturnPosInf0   0x0020a8    program     static C:\Program Files\Microchip\mplabc18\v3.37\src\traditional\math\packFP.asm
                  jRotate   0x00207a    program     static C:\Program Files\Microchip\mplabc18\v3.37\src\traditional\math\compFP.asm
                   jShift   0x002064    program     static C:\Program Files\Microchip\mplabc18\v3.37\src\traditional\math\compFP.asm
               jShiftDone   0x001ede    program     static C:\Program Files\Microchip\mplabc18\v3.37\src\traditional\math\addFP.asm
               jShiftLoop   0x001ed0    program     static C:\Program Files\Microchip\mplabc18\v3.37\src\traditional\math\addFP.asm
                jSignDone   0x001f0e    program     static C:\Program Files\Microchip\mplabc18\v3.37\src\traditional\math\addFP.asm
              jSignedZero   0x001ca0    program     static C:\Program Files\Microchip\mplabc18\v3.37\src\traditional\math\divFP.asm
                 jSignsEQ   0x002004    program     static C:\Program Files\Microchip\mplabc18\v3.37\src\traditional\math\compFP.asm
                jTstLowZ1   0x002aea    program     static C:\Program Files\Microchip\mplabc18\v3.37\src\traditional\stdclib\itoa.asm
                jTstSign1   0x002a4c    program     static C:\Program Files\Microchip\mplabc18\v3.37\src\traditional\stdclib\itoa.asm
                  jUnpkA1   0x002146    program     static C:\Program Files\Microchip\mplabc18\v3.37\src\traditional\math\UnpackFP.asm
                  jUnpkA2   0x00215e    program     static C:\Program Files\Microchip\mplabc18\v3.37\src\traditional\math\UnpackFP.asm
                 jUnpkANZ   0x002154    program     static C:\Program Files\Microchip\mplabc18\v3.37\src\traditional\math\UnpackFP.asm
                  jUnpkB1   0x002176    program     static C:\Program Files\Microchip\mplabc18\v3.37\src\traditional\math\UnpackFP.asm
                  jUnpkB2   0x00218e    program     static C:\Program Files\Microchip\mplabc18\v3.37\src\traditional\math\UnpackFP.asm
                 jUnpkBNZ   0x002184    program     static C:\Program Files\Microchip\mplabc18\v3.37\src\traditional\math\UnpackFP.asm
                 jUnpkNaN   0x002168    program     static C:\Program Files\Microchip\mplabc18\v3.37\src\traditional\math\UnpackFP.asm
                 jWNotNeg   0x001eca    program     static C:\Program Files\Microchip\mplabc18\v3.37\src\traditional\math\addFP.asm
                    jZero   0x001f98    program     static C:\Program Files\Microchip\mplabc18\v3.37\src\traditional\math\castFP16.asm
               jZero1and2   0x0020ac    program     static C:\Program Files\Microchip\mplabc18\v3.37\src\traditional\math\packFP.asm
                     loop   0x002e74    program     static                          
                     loop   0x002f22    program     static                          
                     loop   0x002f98    program     static                          
                     loop   0x002fb4    program     static C:\Program Files\Microchip\mplabc18\v3.37\src\pmc_common\USART\_usartpc.asm
                   loop_h   0x002f76    program     static C:\Program Files\Microchip\mplabc18\v3.37\src\traditional\proc\p18F4550.asm
                   loop_l   0x002f80    program     static C:\Program Files\Microchip\mplabc18\v3.37\src\traditional\proc\p18F4550.asm
                     main   0x0021f2    program     extern C:\Users\u2503a02034\Desktop\pratica5\pratica5.c
               putIntXLCD   0x0029ba    program     extern C:\Users\u2503a02034\Desktop\pratica5\my_xlcd.c
                     putc   0x002c9e    program     extern C:\Program Files\Microchip\mplabc18\v3.37\src\traditional\stdclib\putc.c
                putrsXLCD   0x002976    program     extern C:\Users\u2503a02034\Desktop\pratica5\my_xlcd.c
                 putsXLCD   0x002936    program     extern C:\Users\u2503a02034\Desktop\pratica5\my_xlcd.c
                 s_digits   0x002fee    program     static C:\Program Files\Microchip\mplabc18\v3.37\src\traditional\stdclib\vfprintf.c
            s_put_n_chars   0x00102c    program     static C:\Program Files\Microchip\mplabc18\v3.37\src\traditional\stdclib\vfprintf.c
                  sprintf   0x002b54    program     extern C:\Program Files\Microchip\mplabc18\v3.37\src\traditional\stdclib\sprintf.c
                   strlen   0x002e00    program     extern C:\Program Files\Microchip\mplabc18\v3.37\src\traditional\stdclib\strlen.asm
                strlenpgm   0x002e1c    program     extern C:\Program Files\Microchip\mplabc18\v3.37\src\traditional\stdclib\slenpgm.asm
                     test   0x002c1a    program     static                          
                 vfprintf   0x001058    program     extern C:\Program Files\Microchip\mplabc18\v3.37\src\traditional\stdclib\vfprintf.c
               zero_block   0x002f76    program     static C:\Program Files\Microchip\mplabc18\v3.37\src\traditional\proc\p18F4550.asm
                   ADCON0   0x000fc2       data     extern C:\Program Files\Microchip\mplabc18\v3.37\src\traditional\proc\p18F4550.asm
               ADCON0bits   0x000fc2       data     extern C:\Program Files\Microchip\mplabc18\v3.37\src\traditional\proc\p18F4550.asm
                   ADCON1   0x000fc1       data     extern C:\Program Files\Microchip\mplabc18\v3.37\src\traditional\proc\p18F4550.asm
               ADCON1bits   0x000fc1       data     extern C:\Program Files\Microchip\mplabc18\v3.37\src\traditional\proc\p18F4550.asm
                   ADCON2   0x000fc0       data     extern C:\Program Files\Microchip\mplabc18\v3.37\src\traditional\proc\p18F4550.asm
               ADCON2bits   0x000fc0       data     extern C:\Program Files\Microchip\mplabc18\v3.37\src\traditional\proc\p18F4550.asm
                    ADRES   0x000fc3       data     extern C:\Program Files\Microchip\mplabc18\v3.37\src\traditional\proc\p18F4550.asm
                   ADRESH   0x000fc4       data     extern C:\Program Files\Microchip\mplabc18\v3.37\src\traditional\proc\p18F4550.asm
                   ADRESL   0x000fc3       data     extern C:\Program Files\Microchip\mplabc18\v3.37\src\traditional\proc\p18F4550.asm
                  BAUDCON   0x000fb8       data     extern C:\Program Files\Microchip\mplabc18\v3.37\src\traditional\proc\p18F4550.asm
              BAUDCONbits   0x000fb8       data     extern C:\Program Files\Microchip\mplabc18\v3.37\src\traditional\proc\p18F4550.asm
                  BAUDCTL   0x000fb8       data     extern C:\Program Files\Microchip\mplabc18\v3.37\src\traditional\proc\p18F4550.asm
              BAUDCTLbits   0x000fb8       data     extern C:\Program Files\Microchip\mplabc18\v3.37\src\traditional\proc\p18F4550.asm
                      BSR   0x000fe0       data     extern C:\Program Files\Microchip\mplabc18\v3.37\src\traditional\proc\p18F4550.asm
                   CCP1AS   0x000fb6       data     extern C:\Program Files\Microchip\mplabc18\v3.37\src\traditional\proc\p18F4550.asm
               CCP1ASbits   0x000fb6       data     extern C:\Program Files\Microchip\mplabc18\v3.37\src\traditional\proc\p18F4550.asm
                  CCP1CON   0x000fbd       data     extern C:\Program Files\Microchip\mplabc18\v3.37\src\traditional\proc\p18F4550.asm
              CCP1CONbits   0x000fbd       data     extern C:\Program Files\Microchip\mplabc18\v3.37\src\traditional\proc\p18F4550.asm
                  CCP1DEL   0x000fb7       data     extern C:\Program Files\Microchip\mplabc18\v3.37\src\traditional\proc\p18F4550.asm
              CCP1DELbits   0x000fb7       data     extern C:\Program Files\Microchip\mplabc18\v3.37\src\traditional\proc\p18F4550.asm
                  CCP2CON   0x000fba       data     extern C:\Program Files\Microchip\mplabc18\v3.37\src\traditional\proc\p18F4550.asm
              CCP2CONbits   0x000fba       data     extern C:\Program Files\Microchip\mplabc18\v3.37\src\traditional\proc\p18F4550.asm
                    CCPR1   0x000fbe       data     extern C:\Program Files\Microchip\mplabc18\v3.37\src\traditional\proc\p18F4550.asm
                   CCPR1H   0x000fbf       data     extern C:\Program Files\Microchip\mplabc18\v3.37\src\traditional\proc\p18F4550.asm
                   CCPR1L   0x000fbe       data     extern C:\Program Files\Microchip\mplabc18\v3.37\src\traditional\proc\p18F4550.asm
                    CCPR2   0x000fbb       data     extern C:\Program Files\Microchip\mplabc18\v3.37\src\traditional\proc\p18F4550.asm
                   CCPR2H   0x000fbc       data     extern C:\Program Files\Microchip\mplabc18\v3.37\src\traditional\proc\p18F4550.asm
                   CCPR2L   0x000fbb       data     extern C:\Program Files\Microchip\mplabc18\v3.37\src\traditional\proc\p18F4550.asm
                    CMCON   0x000fb4       data     extern C:\Program Files\Microchip\mplabc18\v3.37\src\traditional\proc\p18F4550.asm
                CMCONbits   0x000fb4       data     extern C:\Program Files\Microchip\mplabc18\v3.37\src\traditional\proc\p18F4550.asm
                   CVRCON   0x000fb5       data     extern C:\Program Files\Microchip\mplabc18\v3.37\src\traditional\proc\p18F4550.asm
               CVRCONbits   0x000fb5       data     extern C:\Program Files\Microchip\mplabc18\v3.37\src\traditional\proc\p18F4550.asm
                     DDRA   0x000f92       data     extern C:\Program Files\Microchip\mplabc18\v3.37\src\traditional\proc\p18F4550.asm
                 DDRAbits   0x000f92       data     extern C:\Program Files\Microchip\mplabc18\v3.37\src\traditional\proc\p18F4550.asm
                     DDRB   0x000f93       data     extern C:\Program Files\Microchip\mplabc18\v3.37\src\traditional\proc\p18F4550.asm
                 DDRBbits   0x000f93       data     extern C:\Program Files\Microchip\mplabc18\v3.37\src\traditional\proc\p18F4550.asm
                     DDRC   0x000f94       data     extern C:\Program Files\Microchip\mplabc18\v3.37\src\traditional\proc\p18F4550.asm
                 DDRCbits   0x000f94       data     extern C:\Program Files\Microchip\mplabc18\v3.37\src\traditional\proc\p18F4550.asm
                     DDRD   0x000f95       data     extern C:\Program Files\Microchip\mplabc18\v3.37\src\traditional\proc\p18F4550.asm
                 DDRDbits   0x000f95       data     extern C:\Program Files\Microchip\mplabc18\v3.37\src\traditional\proc\p18F4550.asm
                     DDRE   0x000f96       data     extern C:\Program Files\Microchip\mplabc18\v3.37\src\traditional\proc\p18F4550.asm
                 DDREbits   0x000f96       data     extern C:\Program Files\Microchip\mplabc18\v3.37\src\traditional\proc\p18F4550.asm
            DelayCounter1   0x000021       data     extern C:\Program Files\Microchip\mplabc18\v3.37\src\traditional\delays\delayd1.asm
            DelayCounter2   0x000020       data     extern C:\Program Files\Microchip\mplabc18\v3.37\src\traditional\delays\delayd2.asm
                  ECCP1AS   0x000fb6       data     extern C:\Program Files\Microchip\mplabc18\v3.37\src\traditional\proc\p18F4550.asm
              ECCP1ASbits   0x000fb6       data     extern C:\Program Files\Microchip\mplabc18\v3.37\src\traditional\proc\p18F4550.asm
                 ECCP1CON   0x000fbd       data     extern C:\Program Files\Microchip\mplabc18\v3.37\src\traditional\proc\p18F4550.asm
             ECCP1CONbits   0x000fbd       data     extern C:\Program Files\Microchip\mplabc18\v3.37\src\traditional\proc\p18F4550.asm
                 ECCP1DEL   0x000fb7       data     extern C:\Program Files\Microchip\mplabc18\v3.37\src\traditional\proc\p18F4550.asm
             ECCP1DELbits   0x000fb7       data     extern C:\Program Files\Microchip\mplabc18\v3.37\src\traditional\proc\p18F4550.asm
                    EEADR   0x000fa9       data     extern C:\Program Files\Microchip\mplabc18\v3.37\src\traditional\proc\p18F4550.asm
                   EECON1   0x000fa6       data     extern C:\Program Files\Microchip\mplabc18\v3.37\src\traditional\proc\p18F4550.asm
               EECON1bits   0x000fa6       data     extern C:\Program Files\Microchip\mplabc18\v3.37\src\traditional\proc\p18F4550.asm
                   EECON2   0x000fa7       data     extern C:\Program Files\Microchip\mplabc18\v3.37\src\traditional\proc\p18F4550.asm
                   EEDATA   0x000fa8       data     extern C:\Program Files\Microchip\mplabc18\v3.37\src\traditional\proc\p18F4550.asm
                     FSR0   0x000fe9       data     extern C:\Program Files\Microchip\mplabc18\v3.37\src\traditional\proc\p18F4550.asm
                    FSR0H   0x000fea       data     extern C:\Program Files\Microchip\mplabc18\v3.37\src\traditional\proc\p18F4550.asm
                    FSR0L   0x000fe9       data     extern C:\Program Files\Microchip\mplabc18\v3.37\src\traditional\proc\p18F4550.asm
                     FSR1   0x000fe1       data     extern C:\Program Files\Microchip\mplabc18\v3.37\src\traditional\proc\p18F4550.asm
                    FSR1H   0x000fe2       data     extern C:\Program Files\Microchip\mplabc18\v3.37\src\traditional\proc\p18F4550.asm
                    FSR1L   0x000fe1       data     extern C:\Program Files\Microchip\mplabc18\v3.37\src\traditional\proc\p18F4550.asm
                     FSR2   0x000fd9       data     extern C:\Program Files\Microchip\mplabc18\v3.37\src\traditional\proc\p18F4550.asm
                    FSR2H   0x000fda       data     extern C:\Program Files\Microchip\mplabc18\v3.37\src\traditional\proc\p18F4550.asm
                    FSR2L   0x000fd9       data     extern C:\Program Files\Microchip\mplabc18\v3.37\src\traditional\proc\p18F4550.asm
                  HLVDCON   0x000fd2       data     extern C:\Program Files\Microchip\mplabc18\v3.37\src\traditional\proc\p18F4550.asm
              HLVDCONbits   0x000fd2       data     extern C:\Program Files\Microchip\mplabc18\v3.37\src\traditional\proc\p18F4550.asm
                    INDF0   0x000fef       data     extern C:\Program Files\Microchip\mplabc18\v3.37\src\traditional\proc\p18F4550.asm
                    INDF1   0x000fe7       data     extern C:\Program Files\Microchip\mplabc18\v3.37\src\traditional\proc\p18F4550.asm
                    INDF2   0x000fdf       data     extern C:\Program Files\Microchip\mplabc18\v3.37\src\traditional\proc\p18F4550.asm
                   INTCON   0x000ff2       data     extern C:\Program Files\Microchip\mplabc18\v3.37\src\traditional\proc\p18F4550.asm
                  INTCON2   0x000ff1       data     extern C:\Program Files\Microchip\mplabc18\v3.37\src\traditional\proc\p18F4550.asm
              INTCON2bits   0x000ff1       data     extern C:\Program Files\Microchip\mplabc18\v3.37\src\traditional\proc\p18F4550.asm
                  INTCON3   0x000ff0       data     extern C:\Program Files\Microchip\mplabc18\v3.37\src\traditional\proc\p18F4550.asm
              INTCON3bits   0x000ff0       data     extern C:\Program Files\Microchip\mplabc18\v3.37\src\traditional\proc\p18F4550.asm
               INTCONbits   0x000ff2       data     extern C:\Program Files\Microchip\mplabc18\v3.37\src\traditional\proc\p18F4550.asm
                     IPR1   0x000f9f       data     extern C:\Program Files\Microchip\mplabc18\v3.37\src\traditional\proc\p18F4550.asm
                 IPR1bits   0x000f9f       data     extern C:\Program Files\Microchip\mplabc18\v3.37\src\traditional\proc\p18F4550.asm
                     IPR2   0x000fa2       data     extern C:\Program Files\Microchip\mplabc18\v3.37\src\traditional\proc\p18F4550.asm
                 IPR2bits   0x000fa2       data     extern C:\Program Files\Microchip\mplabc18\v3.37\src\traditional\proc\p18F4550.asm
                     LATA   0x000f89       data     extern C:\Program Files\Microchip\mplabc18\v3.37\src\traditional\proc\p18F4550.asm
                 LATAbits   0x000f89       data     extern C:\Program Files\Microchip\mplabc18\v3.37\src\traditional\proc\p18F4550.asm
                     LATB   0x000f8a       data     extern C:\Program Files\Microchip\mplabc18\v3.37\src\traditional\proc\p18F4550.asm
                 LATBbits   0x000f8a       data     extern C:\Program Files\Microchip\mplabc18\v3.37\src\traditional\proc\p18F4550.asm
                     LATC   0x000f8b       data     extern C:\Program Files\Microchip\mplabc18\v3.37\src\traditional\proc\p18F4550.asm
                 LATCbits   0x000f8b       data     extern C:\Program Files\Microchip\mplabc18\v3.37\src\traditional\proc\p18F4550.asm
                     LATD   0x000f8c       data     extern C:\Program Files\Microchip\mplabc18\v3.37\src\traditional\proc\p18F4550.asm
                 LATDbits   0x000f8c       data     extern C:\Program Files\Microchip\mplabc18\v3.37\src\traditional\proc\p18F4550.asm
                     LATE   0x000f8d       data     extern C:\Program Files\Microchip\mplabc18\v3.37\src\traditional\proc\p18F4550.asm
                 LATEbits   0x000f8d       data     extern C:\Program Files\Microchip\mplabc18\v3.37\src\traditional\proc\p18F4550.asm
                   LVDCON   0x000fd2       data     extern C:\Program Files\Microchip\mplabc18\v3.37\src\traditional\proc\p18F4550.asm
               LVDCONbits   0x000fd2       data     extern C:\Program Files\Microchip\mplabc18\v3.37\src\traditional\proc\p18F4550.asm
                   OSCCON   0x000fd3       data     extern C:\Program Files\Microchip\mplabc18\v3.37\src\traditional\proc\p18F4550.asm
               OSCCONbits   0x000fd3       data     extern C:\Program Files\Microchip\mplabc18\v3.37\src\traditional\proc\p18F4550.asm
                  OSCTUNE   0x000f9b       data     extern C:\Program Files\Microchip\mplabc18\v3.37\src\traditional\proc\p18F4550.asm
              OSCTUNEbits   0x000f9b       data     extern C:\Program Files\Microchip\mplabc18\v3.37\src\traditional\proc\p18F4550.asm
                       PC   0x000ff9       data     extern C:\Program Files\Microchip\mplabc18\v3.37\src\traditional\proc\p18F4550.asm
                      PCL   0x000ff9       data     extern C:\Program Files\Microchip\mplabc18\v3.37\src\traditional\proc\p18F4550.asm
                   PCLATH   0x000ffa       data     extern C:\Program Files\Microchip\mplabc18\v3.37\src\traditional\proc\p18F4550.asm
                   PCLATU   0x000ffb       data     extern C:\Program Files\Microchip\mplabc18\v3.37\src\traditional\proc\p18F4550.asm
                     PIE1   0x000f9d       data     extern C:\Program Files\Microchip\mplabc18\v3.37\src\traditional\proc\p18F4550.asm
                 PIE1bits   0x000f9d       data     extern C:\Program Files\Microchip\mplabc18\v3.37\src\traditional\proc\p18F4550.asm
                     PIE2   0x000fa0       data     extern C:\Program Files\Microchip\mplabc18\v3.37\src\traditional\proc\p18F4550.asm
                 PIE2bits   0x000fa0       data     extern C:\Program Files\Microchip\mplabc18\v3.37\src\traditional\proc\p18F4550.asm
                     PIR1   0x000f9e       data     extern C:\Program Files\Microchip\mplabc18\v3.37\src\traditional\proc\p18F4550.asm
                 PIR1bits   0x000f9e       data     extern C:\Program Files\Microchip\mplabc18\v3.37\src\traditional\proc\p18F4550.asm
                     PIR2   0x000fa1       data     extern C:\Program Files\Microchip\mplabc18\v3.37\src\traditional\proc\p18F4550.asm
                 PIR2bits   0x000fa1       data     extern C:\Program Files\Microchip\mplabc18\v3.37\src\traditional\proc\p18F4550.asm
                   PLUSW0   0x000feb       data     extern C:\Program Files\Microchip\mplabc18\v3.37\src\traditional\proc\p18F4550.asm
                   PLUSW1   0x000fe3       data     extern C:\Program Files\Microchip\mplabc18\v3.37\src\traditional\proc\p18F4550.asm
                   PLUSW2   0x000fdb       data     extern C:\Program Files\Microchip\mplabc18\v3.37\src\traditional\proc\p18F4550.asm
                    PORTA   0x000f80       data     extern C:\Program Files\Microchip\mplabc18\v3.37\src\traditional\proc\p18F4550.asm
                PORTAbits   0x000f80       data     extern C:\Program Files\Microchip\mplabc18\v3.37\src\traditional\proc\p18F4550.asm
                    PORTB   0x000f81       data     extern C:\Program Files\Microchip\mplabc18\v3.37\src\traditional\proc\p18F4550.asm
                PORTBbits   0x000f81       data     extern C:\Program Files\Microchip\mplabc18\v3.37\src\traditional\proc\p18F4550.asm
                    PORTC   0x000f82       data     extern C:\Program Files\Microchip\mplabc18\v3.37\src\traditional\proc\p18F4550.asm
                PORTCbits   0x000f82       data     extern C:\Program Files\Microchip\mplabc18\v3.37\src\traditional\proc\p18F4550.asm
                    PORTD   0x000f83       data     extern C:\Program Files\Microchip\mplabc18\v3.37\src\traditional\proc\p18F4550.asm
                PORTDbits   0x000f83       data     extern C:\Program Files\Microchip\mplabc18\v3.37\src\traditional\proc\p18F4550.asm
                    PORTE   0x000f84       data     extern C:\Program Files\Microchip\mplabc18\v3.37\src\traditional\proc\p18F4550.asm
                PORTEbits   0x000f84       data     extern C:\Program Files\Microchip\mplabc18\v3.37\src\traditional\proc\p18F4550.asm
                 POSTDEC0   0x000fed       data     extern C:\Program Files\Microchip\mplabc18\v3.37\src\traditional\proc\p18F4550.asm
                 POSTDEC1   0x000fe5       data     extern C:\Program Files\Microchip\mplabc18\v3.37\src\traditional\proc\p18F4550.asm
                 POSTDEC2   0x000fdd       data     extern C:\Program Files\Microchip\mplabc18\v3.37\src\traditional\proc\p18F4550.asm
                 POSTINC0   0x000fee       data     extern C:\Program Files\Microchip\mplabc18\v3.37\src\traditional\proc\p18F4550.asm
                 POSTINC1   0x000fe6       data     extern C:\Program Files\Microchip\mplabc18\v3.37\src\traditional\proc\p18F4550.asm
                 POSTINC2   0x000fde       data     extern C:\Program Files\Microchip\mplabc18\v3.37\src\traditional\proc\p18F4550.asm
                      PR2   0x000fcb       data     extern C:\Program Files\Microchip\mplabc18\v3.37\src\traditional\proc\p18F4550.asm
                  PREINC0   0x000fec       data     extern C:\Program Files\Microchip\mplabc18\v3.37\src\traditional\proc\p18F4550.asm
                  PREINC1   0x000fe4       data     extern C:\Program Files\Microchip\mplabc18\v3.37\src\traditional\proc\p18F4550.asm
                  PREINC2   0x000fdc       data     extern C:\Program Files\Microchip\mplabc18\v3.37\src\traditional\proc\p18F4550.asm
                     PROD   0x000ff3       data     extern C:\Program Files\Microchip\mplabc18\v3.37\src\traditional\proc\p18F4550.asm
                    PRODH   0x000ff4       data     extern C:\Program Files\Microchip\mplabc18\v3.37\src\traditional\proc\p18F4550.asm
                    PRODL   0x000ff3       data     extern C:\Program Files\Microchip\mplabc18\v3.37\src\traditional\proc\p18F4550.asm
                     RCON   0x000fd0       data     extern C:\Program Files\Microchip\mplabc18\v3.37\src\traditional\proc\p18F4550.asm
                 RCONbits   0x000fd0       data     extern C:\Program Files\Microchip\mplabc18\v3.37\src\traditional\proc\p18F4550.asm
                    RCREG   0x000fae       data     extern C:\Program Files\Microchip\mplabc18\v3.37\src\traditional\proc\p18F4550.asm
                    RCSTA   0x000fab       data     extern C:\Program Files\Microchip\mplabc18\v3.37\src\traditional\proc\p18F4550.asm
                RCSTAbits   0x000fab       data     extern C:\Program Files\Microchip\mplabc18\v3.37\src\traditional\proc\p18F4550.asm
                     SIGN   0x000000       data     extern C:\Program Files\Microchip\mplabc18\v3.37\src\traditional\math\cmath18.asm
                    SPBRG   0x000faf       data     extern C:\Program Files\Microchip\mplabc18\v3.37\src\traditional\proc\p18F4550.asm
                   SPBRGH   0x000fb0       data     extern C:\Program Files\Microchip\mplabc18\v3.37\src\traditional\proc\p18F4550.asm
                   SPPCFG   0x000f63       data     extern C:\Program Files\Microchip\mplabc18\v3.37\src\traditional\proc\p18F4550.asm
               SPPCFGbits   0x000f63       data     extern C:\Program Files\Microchip\mplabc18\v3.37\src\traditional\proc\p18F4550.asm
                   SPPCON   0x000f65       data     extern C:\Program Files\Microchip\mplabc18\v3.37\src\traditional\proc\p18F4550.asm
               SPPCONbits   0x000f65       data     extern C:\Program Files\Microchip\mplabc18\v3.37\src\traditional\proc\p18F4550.asm
                  SPPDATA   0x000f62       data     extern C:\Program Files\Microchip\mplabc18\v3.37\src\traditional\proc\p18F4550.asm
                   SPPEPS   0x000f64       data     extern C:\Program Files\Microchip\mplabc18\v3.37\src\traditional\proc\p18F4550.asm
               SPPEPSbits   0x000f64       data     extern C:\Program Files\Microchip\mplabc18\v3.37\src\traditional\proc\p18F4550.asm
                   SSPADD   0x000fc8       data     extern C:\Program Files\Microchip\mplabc18\v3.37\src\traditional\proc\p18F4550.asm
                   SSPBUF   0x000fc9       data     extern C:\Program Files\Microchip\mplabc18\v3.37\src\traditional\proc\p18F4550.asm
                  SSPCON1   0x000fc6       data     extern C:\Program Files\Microchip\mplabc18\v3.37\src\traditional\proc\p18F4550.asm
              SSPCON1bits   0x000fc6       data     extern C:\Program Files\Microchip\mplabc18\v3.37\src\traditional\proc\p18F4550.asm
                  SSPCON2   0x000fc5       data     extern C:\Program Files\Microchip\mplabc18\v3.37\src\traditional\proc\p18F4550.asm
              SSPCON2bits   0x000fc5       data     extern C:\Program Files\Microchip\mplabc18\v3.37\src\traditional\proc\p18F4550.asm
                  SSPSTAT   0x000fc7       data     extern C:\Program Files\Microchip\mplabc18\v3.37\src\traditional\proc\p18F4550.asm
              SSPSTATbits   0x000fc7       data     extern C:\Program Files\Microchip\mplabc18\v3.37\src\traditional\proc\p18F4550.asm
                   STATUS   0x000fd8       data     extern C:\Program Files\Microchip\mplabc18\v3.37\src\traditional\proc\p18F4550.asm
               STATUSbits   0x000fd8       data     extern C:\Program Files\Microchip\mplabc18\v3.37\src\traditional\proc\p18F4550.asm
                   STKPTR   0x000ffc       data     extern C:\Program Files\Microchip\mplabc18\v3.37\src\traditional\proc\p18F4550.asm
               STKPTRbits   0x000ffc       data     extern C:\Program Files\Microchip\mplabc18\v3.37\src\traditional\proc\p18F4550.asm
                    T0CON   0x000fd5       data     extern C:\Program Files\Microchip\mplabc18\v3.37\src\traditional\proc\p18F4550.asm
                T0CONbits   0x000fd5       data     extern C:\Program Files\Microchip\mplabc18\v3.37\src\traditional\proc\p18F4550.asm
                    T1CON   0x000fcd       data     extern C:\Program Files\Microchip\mplabc18\v3.37\src\traditional\proc\p18F4550.asm
                T1CONbits   0x000fcd       data     extern C:\Program Files\Microchip\mplabc18\v3.37\src\traditional\proc\p18F4550.asm
                    T2CON   0x000fca       data     extern C:\Program Files\Microchip\mplabc18\v3.37\src\traditional\proc\p18F4550.asm
                T2CONbits   0x000fca       data     extern C:\Program Files\Microchip\mplabc18\v3.37\src\traditional\proc\p18F4550.asm
                    T3CON   0x000fb1       data     extern C:\Program Files\Microchip\mplabc18\v3.37\src\traditional\proc\p18F4550.asm
                T3CONbits   0x000fb1       data     extern C:\Program Files\Microchip\mplabc18\v3.37\src\traditional\proc\p18F4550.asm
                   TABLAT   0x000ff5       data     extern C:\Program Files\Microchip\mplabc18\v3.37\src\traditional\proc\p18F4550.asm
                   TBLPTR   0x000ff6       data     extern C:\Program Files\Microchip\mplabc18\v3.37\src\traditional\proc\p18F4550.asm
                  TBLPTRH   0x000ff7       data     extern C:\Program Files\Microchip\mplabc18\v3.37\src\traditional\proc\p18F4550.asm
                  TBLPTRL   0x000ff6       data     extern C:\Program Files\Microchip\mplabc18\v3.37\src\traditional\proc\p18F4550.asm
                  TBLPTRU   0x000ff8       data     extern C:\Program Files\Microchip\mplabc18\v3.37\src\traditional\proc\p18F4550.asm
                    TMR0H   0x000fd7       data     extern C:\Program Files\Microchip\mplabc18\v3.37\src\traditional\proc\p18F4550.asm
                    TMR0L   0x000fd6       data     extern C:\Program Files\Microchip\mplabc18\v3.37\src\traditional\proc\p18F4550.asm
                    TMR1H   0x000fcf       data     extern C:\Program Files\Microchip\mplabc18\v3.37\src\traditional\proc\p18F4550.asm
                    TMR1L   0x000fce       data     extern C:\Program Files\Microchip\mplabc18\v3.37\src\traditional\proc\p18F4550.asm
                     TMR2   0x000fcc       data     extern C:\Program Files\Microchip\mplabc18\v3.37\src\traditional\proc\p18F4550.asm
                    TMR3H   0x000fb3       data     extern C:\Program Files\Microchip\mplabc18\v3.37\src\traditional\proc\p18F4550.asm
                    TMR3L   0x000fb2       data     extern C:\Program Files\Microchip\mplabc18\v3.37\src\traditional\proc\p18F4550.asm
                      TOS   0x000ffd       data     extern C:\Program Files\Microchip\mplabc18\v3.37\src\traditional\proc\p18F4550.asm
                     TOSH   0x000ffe       data     extern C:\Program Files\Microchip\mplabc18\v3.37\src\traditional\proc\p18F4550.asm
                     TOSL   0x000ffd       data     extern C:\Program Files\Microchip\mplabc18\v3.37\src\traditional\proc\p18F4550.asm
                     TOSU   0x000fff       data     extern C:\Program Files\Microchip\mplabc18\v3.37\src\traditional\proc\p18F4550.asm
                    TRISA   0x000f92       data     extern C:\Program Files\Microchip\mplabc18\v3.37\src\traditional\proc\p18F4550.asm
                TRISAbits   0x000f92       data     extern C:\Program Files\Microchip\mplabc18\v3.37\src\traditional\proc\p18F4550.asm
                    TRISB   0x000f93       data     extern C:\Program Files\Microchip\mplabc18\v3.37\src\traditional\proc\p18F4550.asm
                TRISBbits   0x000f93       data     extern C:\Program Files\Microchip\mplabc18\v3.37\src\traditional\proc\p18F4550.asm
                    TRISC   0x000f94       data     extern C:\Program Files\Microchip\mplabc18\v3.37\src\traditional\proc\p18F4550.asm
                TRISCbits   0x000f94       data     extern C:\Program Files\Microchip\mplabc18\v3.37\src\traditional\proc\p18F4550.asm
                    TRISD   0x000f95       data     extern C:\Program Files\Microchip\mplabc18\v3.37\src\traditional\proc\p18F4550.asm
                TRISDbits   0x000f95       data     extern C:\Program Files\Microchip\mplabc18\v3.37\src\traditional\proc\p18F4550.asm
                    TRISE   0x000f96       data     extern C:\Program Files\Microchip\mplabc18\v3.37\src\traditional\proc\p18F4550.asm
                TRISEbits   0x000f96       data     extern C:\Program Files\Microchip\mplabc18\v3.37\src\traditional\proc\p18F4550.asm
                    TXREG   0x000fad       data     extern C:\Program Files\Microchip\mplabc18\v3.37\src\traditional\proc\p18F4550.asm
                    TXSTA   0x000fac       data     extern C:\Program Files\Microchip\mplabc18\v3.37\src\traditional\proc\p18F4550.asm
                TXSTAbits   0x000fac       data     extern C:\Program Files\Microchip\mplabc18\v3.37\src\traditional\proc\p18F4550.asm
                    UADDR   0x000f6e       data     extern C:\Program Files\Microchip\mplabc18\v3.37\src\traditional\proc\p18F4550.asm
                UADDRbits   0x000f6e       data     extern C:\Program Files\Microchip\mplabc18\v3.37\src\traditional\proc\p18F4550.asm
                     UCFG   0x000f6f       data     extern C:\Program Files\Microchip\mplabc18\v3.37\src\traditional\proc\p18F4550.asm
                 UCFGbits   0x000f6f       data     extern C:\Program Files\Microchip\mplabc18\v3.37\src\traditional\proc\p18F4550.asm
                     UCON   0x000f6d       data     extern C:\Program Files\Microchip\mplabc18\v3.37\src\traditional\proc\p18F4550.asm
                 UCONbits   0x000f6d       data     extern C:\Program Files\Microchip\mplabc18\v3.37\src\traditional\proc\p18F4550.asm
                     UEIE   0x000f6b       data     extern C:\Program Files\Microchip\mplabc18\v3.37\src\traditional\proc\p18F4550.asm
                 UEIEbits   0x000f6b       data     extern C:\Program Files\Microchip\mplabc18\v3.37\src\traditional\proc\p18F4550.asm
                     UEIR   0x000f6a       data     extern C:\Program Files\Microchip\mplabc18\v3.37\src\traditional\proc\p18F4550.asm
                 UEIRbits   0x000f6a       data     extern C:\Program Files\Microchip\mplabc18\v3.37\src\traditional\proc\p18F4550.asm
                     UEP0   0x000f70       data     extern C:\Program Files\Microchip\mplabc18\v3.37\src\traditional\proc\p18F4550.asm
                 UEP0bits   0x000f70       data     extern C:\Program Files\Microchip\mplabc18\v3.37\src\traditional\proc\p18F4550.asm
                     UEP1   0x000f71       data     extern C:\Program Files\Microchip\mplabc18\v3.37\src\traditional\proc\p18F4550.asm
                    UEP10   0x000f7a       data     extern C:\Program Files\Microchip\mplabc18\v3.37\src\traditional\proc\p18F4550.asm
                UEP10bits   0x000f7a       data     extern C:\Program Files\Microchip\mplabc18\v3.37\src\traditional\proc\p18F4550.asm
                    UEP11   0x000f7b       data     extern C:\Program Files\Microchip\mplabc18\v3.37\src\traditional\proc\p18F4550.asm
                UEP11bits   0x000f7b       data     extern C:\Program Files\Microchip\mplabc18\v3.37\src\traditional\proc\p18F4550.asm
                    UEP12   0x000f7c       data     extern C:\Program Files\Microchip\mplabc18\v3.37\src\traditional\proc\p18F4550.asm
                UEP12bits   0x000f7c       data     extern C:\Program Files\Microchip\mplabc18\v3.37\src\traditional\proc\p18F4550.asm
                    UEP13   0x000f7d       data     extern C:\Program Files\Microchip\mplabc18\v3.37\src\traditional\proc\p18F4550.asm
                UEP13bits   0x000f7d       data     extern C:\Program Files\Microchip\mplabc18\v3.37\src\traditional\proc\p18F4550.asm
                    UEP14   0x000f7e       data     extern C:\Program Files\Microchip\mplabc18\v3.37\src\traditional\proc\p18F4550.asm
                UEP14bits   0x000f7e       data     extern C:\Program Files\Microchip\mplabc18\v3.37\src\traditional\proc\p18F4550.asm
                    UEP15   0x000f7f       data     extern C:\Program Files\Microchip\mplabc18\v3.37\src\traditional\proc\p18F4550.asm
                UEP15bits   0x000f7f       data     extern C:\Program Files\Microchip\mplabc18\v3.37\src\traditional\proc\p18F4550.asm
                 UEP1bits   0x000f71       data     extern C:\Program Files\Microchip\mplabc18\v3.37\src\traditional\proc\p18F4550.asm
                     UEP2   0x000f72       data     extern C:\Program Files\Microchip\mplabc18\v3.37\src\traditional\proc\p18F4550.asm
                 UEP2bits   0x000f72       data     extern C:\Program Files\Microchip\mplabc18\v3.37\src\traditional\proc\p18F4550.asm
                     UEP3   0x000f73       data     extern C:\Program Files\Microchip\mplabc18\v3.37\src\traditional\proc\p18F4550.asm
                 UEP3bits   0x000f73       data     extern C:\Program Files\Microchip\mplabc18\v3.37\src\traditional\proc\p18F4550.asm
                     UEP4   0x000f74       data     extern C:\Program Files\Microchip\mplabc18\v3.37\src\traditional\proc\p18F4550.asm
                 UEP4bits   0x000f74       data     extern C:\Program Files\Microchip\mplabc18\v3.37\src\traditional\proc\p18F4550.asm
                     UEP5   0x000f75       data     extern C:\Program Files\Microchip\mplabc18\v3.37\src\traditional\proc\p18F4550.asm
                 UEP5bits   0x000f75       data     extern C:\Program Files\Microchip\mplabc18\v3.37\src\traditional\proc\p18F4550.asm
                     UEP6   0x000f76       data     extern C:\Program Files\Microchip\mplabc18\v3.37\src\traditional\proc\p18F4550.asm
                 UEP6bits   0x000f76       data     extern C:\Program Files\Microchip\mplabc18\v3.37\src\traditional\proc\p18F4550.asm
                     UEP7   0x000f77       data     extern C:\Program Files\Microchip\mplabc18\v3.37\src\traditional\proc\p18F4550.asm
                 UEP7bits   0x000f77       data     extern C:\Program Files\Microchip\mplabc18\v3.37\src\traditional\proc\p18F4550.asm
                     UEP8   0x000f78       data     extern C:\Program Files\Microchip\mplabc18\v3.37\src\traditional\proc\p18F4550.asm
                 UEP8bits   0x000f78       data     extern C:\Program Files\Microchip\mplabc18\v3.37\src\traditional\proc\p18F4550.asm
                     UEP9   0x000f79       data     extern C:\Program Files\Microchip\mplabc18\v3.37\src\traditional\proc\p18F4550.asm
                 UEP9bits   0x000f79       data     extern C:\Program Files\Microchip\mplabc18\v3.37\src\traditional\proc\p18F4550.asm
                     UFRM   0x000f66       data     extern C:\Program Files\Microchip\mplabc18\v3.37\src\traditional\proc\p18F4550.asm
                    UFRMH   0x000f67       data     extern C:\Program Files\Microchip\mplabc18\v3.37\src\traditional\proc\p18F4550.asm
                UFRMHbits   0x000f67       data     extern C:\Program Files\Microchip\mplabc18\v3.37\src\traditional\proc\p18F4550.asm
                    UFRML   0x000f66       data     extern C:\Program Files\Microchip\mplabc18\v3.37\src\traditional\proc\p18F4550.asm
                UFRMLbits   0x000f66       data     extern C:\Program Files\Microchip\mplabc18\v3.37\src\traditional\proc\p18F4550.asm
                      UIE   0x000f69       data     extern C:\Program Files\Microchip\mplabc18\v3.37\src\traditional\proc\p18F4550.asm
                  UIEbits   0x000f69       data     extern C:\Program Files\Microchip\mplabc18\v3.37\src\traditional\proc\p18F4550.asm
                      UIR   0x000f68       data     extern C:\Program Files\Microchip\mplabc18\v3.37\src\traditional\proc\p18F4550.asm
                  UIRbits   0x000f68       data     extern C:\Program Files\Microchip\mplabc18\v3.37\src\traditional\proc\p18F4550.asm
                    USTAT   0x000f6c       data     extern C:\Program Files\Microchip\mplabc18\v3.37\src\traditional\proc\p18F4550.asm
                USTATbits   0x000f6c       data     extern C:\Program Files\Microchip\mplabc18\v3.37\src\traditional\proc\p18F4550.asm
                   WDTCON   0x000fd1       data     extern C:\Program Files\Microchip\mplabc18\v3.37\src\traditional\proc\p18F4550.asm
               WDTCONbits   0x000fd1       data     extern C:\Program Files\Microchip\mplabc18\v3.37\src\traditional\proc\p18F4550.asm
                     WREG   0x000fe8       data     extern C:\Program Files\Microchip\mplabc18\v3.37\src\traditional\proc\p18F4550.asm
                 __AARGB0   0x000009       data     extern C:\Program Files\Microchip\mplabc18\v3.37\src\traditional\math\aarg.asm
                 __AARGB1   0x000008       data     extern C:\Program Files\Microchip\mplabc18\v3.37\src\traditional\math\aarg.asm
                 __AARGB2   0x000007       data     extern C:\Program Files\Microchip\mplabc18\v3.37\src\traditional\math\aarg.asm
                 __AARGB3   0x000006       data     extern C:\Program Files\Microchip\mplabc18\v3.37\src\traditional\math\aarg.asm
                 __AARGB4   0x000005       data     extern C:\Program Files\Microchip\mplabc18\v3.37\src\traditional\math\aarg.asm
                 __AARGB5   0x000004       data     extern C:\Program Files\Microchip\mplabc18\v3.37\src\traditional\math\aarg.asm
                 __AARGB6   0x000003       data     extern C:\Program Files\Microchip\mplabc18\v3.37\src\traditional\math\aarg.asm
                 __AARGB7   0x000002       data     extern C:\Program Files\Microchip\mplabc18\v3.37\src\traditional\math\aarg.asm
                   __AEXP   0x00000a       data     extern C:\Program Files\Microchip\mplabc18\v3.37\src\traditional\math\aarg.asm
                 __BARGB0   0x00000e       data     extern C:\Program Files\Microchip\mplabc18\v3.37\src\traditional\math\barg.asm
                 __BARGB1   0x00000d       data     extern C:\Program Files\Microchip\mplabc18\v3.37\src\traditional\math\barg.asm
                 __BARGB2   0x00000c       data     extern C:\Program Files\Microchip\mplabc18\v3.37\src\traditional\math\barg.asm
                 __BARGB3   0x00000b       data     extern C:\Program Files\Microchip\mplabc18\v3.37\src\traditional\math\barg.asm
                   __BEXP   0x00000f       data     extern C:\Program Files\Microchip\mplabc18\v3.37\src\traditional\math\barg.asm
                __FPFLAGS   0x000001       data     extern C:\Program Files\Microchip\mplabc18\v3.37\src\traditional\math\cmath18.asm
            __FPFLAGSbits   0x000001       data     extern C:\Program Files\Microchip\mplabc18\v3.37\src\traditional\math\cmath18.asm
                  __REMB0   0x000005       data     extern C:\Program Files\Microchip\mplabc18\v3.37\src\traditional\math\aarg.asm
                  __REMB1   0x000004       data     extern C:\Program Files\Microchip\mplabc18\v3.37\src\traditional\math\aarg.asm
                  __REMB2   0x000003       data     extern C:\Program Files\Microchip\mplabc18\v3.37\src\traditional\math\aarg.asm
                  __REMB3   0x000002       data     extern C:\Program Files\Microchip\mplabc18\v3.37\src\traditional\math\aarg.asm
                   __TEMP   0x000013       data     extern C:\Program Files\Microchip\mplabc18\v3.37\src\traditional\math\temparg.asm
                 __TEMPB0   0x000013       data     extern C:\Program Files\Microchip\mplabc18\v3.37\src\traditional\math\temparg.asm
                 __TEMPB1   0x000012       data     extern C:\Program Files\Microchip\mplabc18\v3.37\src\traditional\math\temparg.asm
                 __TEMPB2   0x000011       data     extern C:\Program Files\Microchip\mplabc18\v3.37\src\traditional\math\temparg.asm
                 __TEMPB3   0x000010       data     extern C:\Program Files\Microchip\mplabc18\v3.37\src\traditional\math\temparg.asm
                  __tmp_0   0x000014       data     static C:\Program Files\Microchip\mplabc18\v3.37\src\traditional\stdclib\sprintf.c
                  __tmp_0   0x000014       data     static C:\Program Files\Microchip\mplabc18\v3.37\src\traditional\stdclib\vfprintf.c
                  __tmp_0   0x000014       data     static C:\Program Files\Microchip\mplabc18\v3.37\src\traditional\stdclib\putc.c
                  __tmp_0   0x000014       data     static C:\Program Files\Microchip\mplabc18\v3.37\src\pmc_common\ADC\adcread.c
                  __tmp_0   0x000014       data     static C:\Program Files\Microchip\mplabc18\v3.37\src\pmc_common\ADC\adcopen.c
                  __tmp_0   0x000014       data     static C:\Users\u2503a02034\Desktop\pratica5\pratica5.c
                curr_byte   0x000063       data     static C:\Program Files\Microchip\mplabc18\v3.37\src\traditional\startup\c018i.c
               curr_entry   0x000065       data     static C:\Program Files\Microchip\mplabc18\v3.37\src\traditional\startup\c018i.c
                 data_ptr   0x000067       data     static C:\Program Files\Microchip\mplabc18\v3.37\src\traditional\startup\c018i.c
                     prom   0x000060       data     static C:\Program Files\Microchip\mplabc18\v3.37\src\traditional\startup\c018i.c



                              Symbols - Sorted by Address
                     Name    Address   Location    Storage File                     
                ---------  ---------  ---------  --------- ---------                
                   _entry   0x000000    program     extern C:\Program Files\Microchip\mplabc18\v3.37\src\traditional\startup\c018i.c
       ___return_lbl00000   0x000004    program     static                          
                   _reset   0x001000    program     extern C:\Users\u2503a02034\Desktop\pratica5\pratica5.c
       ___return_lbl00000   0x001004    program     static                          
            s_put_n_chars   0x00102c    program     static C:\Program Files\Microchip\mplabc18\v3.37\src\traditional\stdclib\vfprintf.c
                 vfprintf   0x001058    program     extern C:\Program Files\Microchip\mplabc18\v3.37\src\traditional\stdclib\vfprintf.c
              __tmplbl_85   0x001082    program     static                          
              __tmplbl_44   0x001930    program     static                          
              __tmplbl_43   0x00194a    program     static                          
                   __pa_0   0x00196c    program     static C:\Program Files\Microchip\mplabc18\v3.37\src\traditional\stdclib\vfprintf.c
                   __pa_1   0x001974    program     static C:\Program Files\Microchip\mplabc18\v3.37\src\traditional\stdclib\vfprintf.c
                   __pa_2   0x00197e    program     static C:\Program Files\Microchip\mplabc18\v3.37\src\traditional\stdclib\vfprintf.c
                   __pa_3   0x001988    program     static C:\Program Files\Microchip\mplabc18\v3.37\src\traditional\stdclib\vfprintf.c
                   __pa_4   0x0019a0    program     static C:\Program Files\Microchip\mplabc18\v3.37\src\traditional\stdclib\vfprintf.c
                   __pa_5   0x0019b4    program     static C:\Program Files\Microchip\mplabc18\v3.37\src\traditional\stdclib\vfprintf.c
                   __pa_6   0x0019d0    program     static C:\Program Files\Microchip\mplabc18\v3.37\src\traditional\stdclib\vfprintf.c
                   __pa_7   0x0019da    program     static C:\Program Files\Microchip\mplabc18\v3.37\src\traditional\stdclib\vfprintf.c
                   __pa_8   0x0019e6    program     static C:\Program Files\Microchip\mplabc18\v3.37\src\traditional\stdclib\vfprintf.c
                   __pa_9   0x001a08    program     static C:\Program Files\Microchip\mplabc18\v3.37\src\traditional\stdclib\vfprintf.c
[...]
                 PIE1bits   0x000f9d       data     extern C:\Program Files\Microchip\mplabc18\v3.37\src\traditional\proc\p18F4550.asm
                 PIR1bits   0x000f9e       data     extern C:\Program Files\Microchip\mplabc18\v3.37\src\traditional\proc\p18F4550.asm
                     PIR1   0x000f9e       data     extern C:\Program Files\Microchip\mplabc18\v3.37\src\traditional\proc\p18F4550.asm
                 IPR1bits   0x000f9f       data     extern C:\Program Files\Microchip\mplabc18\v3.37\src\traditional\proc\p18F4550.asm
                     IPR1   0x000f9f       data     extern C:\Program Files\Microchip\mplabc18\v3.37\src\traditional\proc\p18F4550.asm
                     PIE2   0x000fa0       data     extern C:\Program Files\Microchip\mplabc18\v3.37\src\traditional\proc\p18F4550.asm
                 PIE2bits   0x000fa0       data     extern C:\Program Files\Microchip\mplabc18\v3.37\src\traditional\proc\p18F4550.asm
                     PIR2   0x000fa1       data     extern C:\Program Files\Microchip\mplabc18\v3.37\src\traditional\proc\p18F4550.asm
                 PIR2bits   0x000fa1       data     extern C:\Program Files\Microchip\mplabc18\v3.37\src\traditional\proc\p18F4550.asm
                     IPR2   0x000fa2       data     extern C:\Program Files\Microchip\mplabc18\v3.37\src\traditional\proc\p18F4550.asm
                 IPR2bits   0x000fa2       data     extern C:\Program Files\Microchip\mplabc18\v3.37\src\traditional\proc\p18F4550.asm
               EECON1bits   0x000fa6       data     extern C:\Program Files\Microchip\mplabc18\v3.37\src\traditional\proc\p18F4550.asm
                   EECON1   0x000fa6       data     extern C:\Program Files\Microchip\mplabc18\v3.37\src\traditional\proc\p18F4550.asm
                   EECON2   0x000fa7       data     extern C:\Program Files\Microchip\mplabc18\v3.37\src\traditional\proc\p18F4550.asm
                   EEDATA   0x000fa8       data     extern C:\Program Files\Microchip\mplabc18\v3.37\src\traditional\proc\p18F4550.asm
                    EEADR   0x000fa9       data     extern C:\Program Files\Microchip\mplabc18\v3.37\src\traditional\proc\p18F4550.asm
                    RCSTA   0x000fab       data     extern C:\Program Files\Microchip\mplabc18\v3.37\src\traditional\proc\p18F4550.asm
                RCSTAbits   0x000fab       data     extern C:\Program Files\Microchip\mplabc18\v3.37\src\traditional\proc\p18F4550.asm
                    TXSTA   0x000fac       data     extern C:\Program Files\Microchip\mplabc18\v3.37\src\traditional\proc\p18F4550.asm
                TXSTAbits   0x000fac       data     extern C:\Program Files\Microchip\mplabc18\v3.37\src\traditional\proc\p18F4550.asm
                    TXREG   0x000fad       data     extern C:\Program Files\Microchip\mplabc18\v3.37\src\traditional\proc\p18F4550.asm
                    RCREG   0x000fae       data     extern C:\Program Files\Microchip\mplabc18\v3.37\src\traditional\proc\p18F4550.asm
                    SPBRG   0x000faf       data     extern C:\Program Files\Microchip\mplabc18\v3.37\src\traditional\proc\p18F4550.asm
                   SPBRGH   0x000fb0       data     extern C:\Program Files\Microchip\mplabc18\v3.37\src\traditional\proc\p18F4550.asm
                    T3CON   0x000fb1       data     extern C:\Program Files\Microchip\mplabc18\v3.37\src\traditional\proc\p18F4550.asm
                T3CONbits   0x000fb1       data     extern C:\Program Files\Microchip\mplabc18\v3.37\src\traditional\proc\p18F4550.asm
                    TMR3L   0x000fb2       data     extern C:\Program Files\Microchip\mplabc18\v3.37\src\traditional\proc\p18F4550.asm
                    TMR3H   0x000fb3       data     extern C:\Program Files\Microchip\mplabc18\v3.37\src\traditional\proc\p18F4550.asm
                CMCONbits   0x000fb4       data     extern C:\Program Files\Microchip\mplabc18\v3.37\src\traditional\proc\p18F4550.asm
                    CMCON   0x000fb4       data     extern C:\Program Files\Microchip\mplabc18\v3.37\src\traditional\proc\p18F4550.asm
               CVRCONbits   0x000fb5       data     extern C:\Program Files\Microchip\mplabc18\v3.37\src\traditional\proc\p18F4550.asm
                   CVRCON   0x000fb5       data     extern C:\Program Files\Microchip\mplabc18\v3.37\src\traditional\proc\p18F4550.asm
               CCP1ASbits   0x000fb6       data     extern C:\Program Files\Microchip\mplabc18\v3.37\src\traditional\proc\p18F4550.asm
                   CCP1AS   0x000fb6       data     extern C:\Program Files\Microchip\mplabc18\v3.37\src\traditional\proc\p18F4550.asm
                  ECCP1AS   0x000fb6       data     extern C:\Program Files\Microchip\mplabc18\v3.37\src\traditional\proc\p18F4550.asm
              ECCP1ASbits   0x000fb6       data     extern C:\Program Files\Microchip\mplabc18\v3.37\src\traditional\proc\p18F4550.asm
             ECCP1DELbits   0x000fb7       data     extern C:\Program Files\Microchip\mplabc18\v3.37\src\traditional\proc\p18F4550.asm
                 ECCP1DEL   0x000fb7       data     extern C:\Program Files\Microchip\mplabc18\v3.37\src\traditional\proc\p18F4550.asm
              CCP1DELbits   0x000fb7       data     extern C:\Program Files\Microchip\mplabc18\v3.37\src\traditional\proc\p18F4550.asm
                  CCP1DEL   0x000fb7       data     extern C:\Program Files\Microchip\mplabc18\v3.37\src\traditional\proc\p18F4550.asm
                  BAUDCON   0x000fb8       data     extern C:\Program Files\Microchip\mplabc18\v3.37\src\traditional\proc\p18F4550.asm
              BAUDCONbits   0x000fb8       data     extern C:\Program Files\Microchip\mplabc18\v3.37\src\traditional\proc\p18F4550.asm
                  BAUDCTL   0x000fb8       data     extern C:\Program Files\Microchip\mplabc18\v3.37\src\traditional\proc\p18F4550.asm
              BAUDCTLbits   0x000fb8       data     extern C:\Program Files\Microchip\mplabc18\v3.37\src\traditional\proc\p18F4550.asm
                  CCP2CON   0x000fba       data     extern C:\Program Files\Microchip\mplabc18\v3.37\src\traditional\proc\p18F4550.asm
              CCP2CONbits   0x000fba       data     extern C:\Program Files\Microchip\mplabc18\v3.37\src\traditional\proc\p18F4550.asm
                   CCPR2L   0x000fbb       data     extern C:\Program Files\Microchip\mplabc18\v3.37\src\traditional\proc\p18F4550.asm
                    CCPR2   0x000fbb       data     extern C:\Program Files\Microchip\mplabc18\v3.37\src\traditional\proc\p18F4550.asm
                   CCPR2H   0x000fbc       data     extern C:\Program Files\Microchip\mplabc18\v3.37\src\traditional\proc\p18F4550.asm
             ECCP1CONbits   0x000fbd       data     extern C:\Program Files\Microchip\mplabc18\v3.37\src\traditional\proc\p18F4550.asm
              CCP1CONbits   0x000fbd       data     extern C:\Program Files\Microchip\mplabc18\v3.37\src\traditional\proc\p18F4550.asm
                 ECCP1CON   0x000fbd       data     extern C:\Program Files\Microchip\mplabc18\v3.37\src\traditional\proc\p18F4550.asm
                  CCP1CON   0x000fbd       data     extern C:\Program Files\Microchip\mplabc18\v3.37\src\traditional\proc\p18F4550.asm
                    CCPR1   0x000fbe       data     extern C:\Program Files\Microchip\mplabc18\v3.37\src\traditional\proc\p18F4550.asm
                   CCPR1L   0x000fbe       data     extern C:\Program Files\Microchip\mplabc18\v3.37\src\traditional\proc\p18F4550.asm
                   CCPR1H   0x000fbf       data     extern C:\Program Files\Microchip\mplabc18\v3.37\src\traditional\proc\p18F4550.asm
               ADCON2bits   0x000fc0       data     extern C:\Program Files\Microchip\mplabc18\v3.37\src\traditional\proc\p18F4550.asm
                   ADCON2   0x000fc0       data     extern C:\Program Files\Microchip\mplabc18\v3.37\src\traditional\proc\p18F4550.asm
               ADCON1bits   0x000fc1       data     extern C:\Program Files\Microchip\mplabc18\v3.37\src\traditional\proc\p18F4550.asm
                   ADCON1   0x000fc1       data     extern C:\Program Files\Microchip\mplabc18\v3.37\src\traditional\proc\p18F4550.asm
                   ADCON0   0x000fc2       data     extern C:\Program Files\Microchip\mplabc18\v3.37\src\traditional\proc\p18F4550.asm
               ADCON0bits   0x000fc2       data     extern C:\Program Files\Microchip\mplabc18\v3.37\src\traditional\proc\p18F4550.asm
                    ADRES   0x000fc3       data     extern C:\Program Files\Microchip\mplabc18\v3.37\src\traditional\proc\p18F4550.asm
                   ADRESL   0x000fc3       data     extern C:\Program Files\Microchip\mplabc18\v3.37\src\traditional\proc\p18F4550.asm
                   ADRESH   0x000fc4       data     extern C:\Program Files\Microchip\mplabc18\v3.37\src\traditional\proc\p18F4550.asm
              SSPCON2bits   0x000fc5       data     extern C:\Program Files\Microchip\mplabc18\v3.37\src\traditional\proc\p18F4550.asm
                  SSPCON2   0x000fc5       data     extern C:\Program Files\Microchip\mplabc18\v3.37\src\traditional\proc\p18F4550.asm
                  SSPCON1   0x000fc6       data     extern C:\Program Files\Microchip\mplabc18\v3.37\src\traditional\proc\p18F4550.asm
              SSPCON1bits   0x000fc6       data     extern C:\Program Files\Microchip\mplabc18\v3.37\src\traditional\proc\p18F4550.asm
                  SSPSTAT   0x000fc7       data     extern C:\Program Files\Microchip\mplabc18\v3.37\src\traditional\proc\p18F4550.asm
              SSPSTATbits   0x000fc7       data     extern C:\Program Files\Microchip\mplabc18\v3.37\src\traditional\proc\p18F4550.asm
                   SSPADD   0x000fc8       data     extern C:\Program Files\Microchip\mplabc18\v3.37\src\traditional\proc\p18F4550.asm
                   SSPBUF   0x000fc9       data     extern C:\Program Files\Microchip\mplabc18\v3.37\src\traditional\proc\p18F4550.asm
                    T2CON   0x000fca       data     extern C:\Program Files\Microchip\mplabc18\v3.37\src\traditional\proc\p18F4550.asm
                T2CONbits   0x000fca       data     extern C:\Program Files\Microchip\mplabc18\v3.37\src\traditional\proc\p18F4550.asm
                      PR2   0x000fcb       data     extern C:\Program Files\Microchip\mplabc18\v3.37\src\traditional\proc\p18F4550.asm
                     TMR2   0x000fcc       data     extern C:\Program Files\Microchip\mplabc18\v3.37\src\traditional\proc\p18F4550.asm
                    T1CON   0x000fcd       data     extern C:\Program Files\Microchip\mplabc18\v3.37\src\traditional\proc\p18F4550.asm
                T1CONbits   0x000fcd       data     extern C:\Program Files\Microchip\mplabc18\v3.37\src\traditional\proc\p18F4550.asm
                    TMR1L   0x000fce       data     extern C:\Program Files\Microchip\mplabc18\v3.37\src\traditional\proc\p18F4550.asm
                    TMR1H   0x000fcf       data     extern C:\Program Files\Microchip\mplabc18\v3.37\src\traditional\proc\p18F4550.asm
                     RCON   0x000fd0       data     extern C:\Program Files\Microchip\mplabc18\v3.37\src\traditional\proc\p18F4550.asm
                 RCONbits   0x000fd0       data     extern C:\Program Files\Microchip\mplabc18\v3.37\src\traditional\proc\p18F4550.asm
               WDTCONbits   0x000fd1       data     extern C:\Program Files\Microchip\mplabc18\v3.37\src\traditional\proc\p18F4550.asm
                   WDTCON   0x000fd1       data     extern C:\Program Files\Microchip\mplabc18\v3.37\src\traditional\proc\p18F4550.asm
              HLVDCONbits   0x000fd2       data     extern C:\Program Files\Microchip\mplabc18\v3.37\src\traditional\proc\p18F4550.asm
                  HLVDCON   0x000fd2       data     extern C:\Program Files\Microchip\mplabc18\v3.37\src\traditional\proc\p18F4550.asm
                   LVDCON   0x000fd2       data     extern C:\Program Files\Microchip\mplabc18\v3.37\src\traditional\proc\p18F4550.asm
               LVDCONbits   0x000fd2       data     extern C:\Program Files\Microchip\mplabc18\v3.37\src\traditional\proc\p18F4550.asm
               OSCCONbits   0x000fd3       data     extern C:\Program Files\Microchip\mplabc18\v3.37\src\traditional\proc\p18F4550.asm
                   OSCCON   0x000fd3       data     extern C:\Program Files\Microchip\mplabc18\v3.37\src\traditional\proc\p18F4550.asm
                    T0CON   0x000fd5       data     extern C:\Program Files\Microchip\mplabc18\v3.37\src\traditional\proc\p18F4550.asm
                T0CONbits   0x000fd5       data     extern C:\Program Files\Microchip\mplabc18\v3.37\src\traditional\proc\p18F4550.asm
                    TMR0L   0x000fd6       data     extern C:\Program Files\Microchip\mplabc18\v3.37\src\traditional\proc\p18F4550.asm
                    TMR0H   0x000fd7       data     extern C:\Program Files\Microchip\mplabc18\v3.37\src\traditional\proc\p18F4550.asm
               STATUSbits   0x000fd8       data     extern C:\Program Files\Microchip\mplabc18\v3.37\src\traditional\proc\p18F4550.asm
                   STATUS   0x000fd8       data     extern C:\Program Files\Microchip\mplabc18\v3.37\src\traditional\proc\p18F4550.asm
                     FSR2   0x000fd9       data     extern C:\Program Files\Microchip\mplabc18\v3.37\src\traditional\proc\p18F4550.asm
                    FSR2L   0x000fd9       data     extern C:\Program Files\Microchip\mplabc18\v3.37\src\traditional\proc\p18F4550.asm
                    FSR2H   0x000fda       data     extern C:\Program Files\Microchip\mplabc18\v3.37\src\traditional\proc\p18F4550.asm
                   PLUSW2   0x000fdb       data     extern C:\Program Files\Microchip\mplabc18\v3.37\src\traditional\proc\p18F4550.asm
                  PREINC2   0x000fdc       data     extern C:\Program Files\Microchip\mplabc18\v3.37\src\traditional\proc\p18F4550.asm
                 POSTDEC2   0x000fdd       data     extern C:\Program Files\Microchip\mplabc18\v3.37\src\traditional\proc\p18F4550.asm
                 POSTINC2   0x000fde       data     extern C:\Program Files\Microchip\mplabc18\v3.37\src\traditional\proc\p18F4550.asm
                    INDF2   0x000fdf       data     extern C:\Program Files\Microchip\mplabc18\v3.37\src\traditional\proc\p18F4550.asm
                      BSR   0x000fe0       data     extern C:\Program Files\Microchip\mplabc18\v3.37\src\traditional\proc\p18F4550.asm
                     FSR1   0x000fe1       data     extern C:\Program Files\Microchip\mplabc18\v3.37\src\traditional\proc\p18F4550.asm
                    FSR1L   0x000fe1       data     extern C:\Program Files\Microchip\mplabc18\v3.37\src\traditional\proc\p18F4550.asm
                    FSR1H   0x000fe2       data     extern C:\Program Files\Microchip\mplabc18\v3.37\src\traditional\proc\p18F4550.asm
                   PLUSW1   0x000fe3       data     extern C:\Program Files\Microchip\mplabc18\v3.37\src\traditional\proc\p18F4550.asm
                  PREINC1   0x000fe4       data     extern C:\Program Files\Microchip\mplabc18\v3.37\src\traditional\proc\p18F4550.asm
                 POSTDEC1   0x000fe5       data     extern C:\Program Files\Microchip\mplabc18\v3.37\src\traditional\proc\p18F4550.asm
                 POSTINC1   0x000fe6       data     extern C:\Program Files\Microchip\mplabc18\v3.37\src\traditional\proc\p18F4550.asm
                    INDF1   0x000fe7       data     extern C:\Program Files\Microchip\mplabc18\v3.37\src\traditional\proc\p18F4550.asm
                     WREG   0x000fe8       data     extern C:\Program Files\Microchip\mplabc18\v3.37\src\traditional\proc\p18F4550.asm
                     FSR0   0x000fe9       data     extern C:\Program Files\Microchip\mplabc18\v3.37\src\traditional\proc\p18F4550.asm
                    FSR0L   0x000fe9       data     extern C:\Program Files\Microchip\mplabc18\v3.37\src\traditional\proc\p18F4550.asm
                    FSR0H   0x000fea       data     extern C:\Program Files\Microchip\mplabc18\v3.37\src\traditional\proc\p18F4550.asm
                   PLUSW0   0x000feb       data     extern C:\Program Files\Microchip\mplabc18\v3.37\src\traditional\proc\p18F4550.asm
                  PREINC0   0x000fec       data     extern C:\Program Files\Microchip\mplabc18\v3.37\src\traditional\proc\p18F4550.asm
                 POSTDEC0   0x000fed       data     extern C:\Program Files\Microchip\mplabc18\v3.37\src\traditional\proc\p18F4550.asm
                 POSTINC0   0x000fee       data     extern C:\Program Files\Microchip\mplabc18\v3.37\src\traditional\proc\p18F4550.asm
                    INDF0   0x000fef       data     extern C:\Program Files\Microchip\mplabc18\v3.37\src\traditional\proc\p18F4550.asm
              INTCON3bits   0x000ff0       data     extern C:\Program Files\Microchip\mplabc18\v3.37\src\traditional\proc\p18F4550.asm
                  INTCON3   0x000ff0       data     extern C:\Program Files\Microchip\mplabc18\v3.37\src\traditional\proc\p18F4550.asm
                  INTCON2   0x000ff1       data     extern C:\Program Files\Microchip\mplabc18\v3.37\src\traditional\proc\p18F4550.asm
              INTCON2bits   0x000ff1       data     extern C:\Program Files\Microchip\mplabc18\v3.37\src\traditional\proc\p18F4550.asm
                   INTCON   0x000ff2       data     extern C:\Program Files\Microchip\mplabc18\v3.37\src\traditional\proc\p18F4550.asm
               INTCONbits   0x000ff2       data     extern C:\Program Files\Microchip\mplabc18\v3.37\src\traditional\proc\p18F4550.asm
                    PRODL   0x000ff3       data     extern C:\Program Files\Microchip\mplabc18\v3.37\src\traditional\proc\p18F4550.asm
                     PROD   0x000ff3       data     extern C:\Program Files\Microchip\mplabc18\v3.37\src\traditional\proc\p18F4550.asm
                    PRODH   0x000ff4       data     extern C:\Program Files\Microchip\mplabc18\v3.37\src\traditional\proc\p18F4550.asm
                   TABLAT   0x000ff5       data     extern C:\Program Files\Microchip\mplabc18\v3.37\src\traditional\proc\p18F4550.asm
                  TBLPTRL   0x000ff6       data     extern C:\Program Files\Microchip\mplabc18\v3.37\src\traditional\proc\p18F4550.asm
                   TBLPTR   0x000ff6       data     extern C:\Program Files\Microchip\mplabc18\v3.37\src\traditional\proc\p18F4550.asm
                  TBLPTRH   0x000ff7       data     extern C:\Program Files\Microchip\mplabc18\v3.37\src\traditional\proc\p18F4550.asm
                  TBLPTRU   0x000ff8       data     extern C:\Program Files\Microchip\mplabc18\v3.37\src\traditional\proc\p18F4550.asm
                      PCL   0x000ff9       data     extern C:\Program Files\Microchip\mplabc18\v3.37\src\traditional\proc\p18F4550.asm
                       PC   0x000ff9       data     extern C:\Program Files\Microchip\mplabc18\v3.37\src\traditional\proc\p18F4550.asm
                   PCLATH   0x000ffa       data     extern C:\Program Files\Microchip\mplabc18\v3.37\src\traditional\proc\p18F4550.asm
                   PCLATU   0x000ffb       data     extern C:\Program Files\Microchip\mplabc18\v3.37\src\traditional\proc\p18F4550.asm
               STKPTRbits   0x000ffc       data     extern C:\Program Files\Microchip\mplabc18\v3.37\src\traditional\proc\p18F4550.asm
                   STKPTR   0x000ffc       data     extern C:\Program Files\Microchip\mplabc18\v3.37\src\traditional\proc\p18F4550.asm
                     TOSL   0x000ffd       data     extern C:\Program Files\Microchip\mplabc18\v3.37\src\traditional\proc\p18F4550.asm
                      TOS   0x000ffd       data     extern C:\Program Files\Microchip\mplabc18\v3.37\src\traditional\proc\p18F4550.asm
                     TOSH   0x000ffe       data     extern C:\Program Files\Microchip\mplabc18\v3.37\src\traditional\proc\p18F4550.asm
                     TOSU   0x000fff       data     extern C:\Program Files\Microchip\mplabc18\v3.37\src\traditional\proc\p18F4550.asm


